Component: ARM Compiler 5.06 update 6 (build 750) Tool: armlink [4d35ed]

==============================================================================

Section Cross References

    main.o(i.EXTI15_10_IRQHandler) refers to main.o(.data) for minute
    main.o(i.HAL_GetTick) refers to rtx_kernel.o(.text.osKernelGetTickCount) for osKernelGetTickCount
    main.o(i.app_hw_init) refers to glcd_mcbstm32f200.o(i.GLCD_Initialize) for GLCD_Initialize
    main.o(i.app_hw_init) refers to glcd_mcbstm32f200.o(i.GLCD_SetBackgroundColor) for GLCD_SetBackgroundColor
    main.o(i.app_hw_init) refers to glcd_mcbstm32f200.o(i.GLCD_SetForegroundColor) for GLCD_SetForegroundColor
    main.o(i.app_hw_init) refers to glcd_mcbstm32f200.o(i.GLCD_ClearScreen) for GLCD_ClearScreen
    main.o(i.app_hw_init) refers to glcd_mcbstm32f200.o(i.GLCD_SetFont) for GLCD_SetFont
    main.o(i.app_hw_init) refers to displaytime.o(i.Init_thdDisplayTime) for Init_thdDisplayTime
    main.o(i.app_hw_init) refers to rtx_thread.o(.text.osThreadSetPriority) for osThreadSetPriority
    main.o(i.app_hw_init) refers to rtx_thread.o(.text.osThreadExit) for osThreadExit
    main.o(i.app_hw_init) refers to glcd_fonts.o(.constdata) for GLCD_Font_16x24
    main.o(i.app_hw_init) refers to displaytime.o(.data) for tid_thdDisplayTime
    main.o(i.main) refers to system_stm32f2xx.o(i.SystemCoreClockUpdate) for SystemCoreClockUpdate
    main.o(i.main) refers to rtx_kernel.o(.text.osKernelInitialize) for osKernelInitialize
    main.o(i.main) refers to stm32f2xx_hal.o(i.HAL_Init) for HAL_Init
    main.o(i.main) refers to buttons_mcbstm32f200.o(i.Buttons_Initialize) for Buttons_Initialize
    main.o(i.main) refers to led_mcbstm32f200.o(i.LED_Initialize) for LED_Initialize
    main.o(i.main) refers to rtx_mutex.o(.text.osMutexNew) for osMutexNew
    main.o(i.main) refers to rtx_semaphore.o(.text.osSemaphoreNew) for osSemaphoreNew
    main.o(i.main) refers to rtx_thread.o(.text.osThreadNew) for osThreadNew
    main.o(i.main) refers to rtx_kernel.o(.text.osKernelStart) for osKernelStart
    main.o(i.main) refers to main.o(.data) for mutHour
    main.o(i.main) refers to main.o(i.app_hw_init) for app_hw_init
    displaytime.o(i.Init_thdDisplayTime) refers to rtx_thread.o(.text.osThreadNew) for osThreadNew
    displaytime.o(i.Init_thdDisplayTime) refers to displaytime.o(i.thdDisplayTime) for thdDisplayTime
    displaytime.o(i.Init_thdDisplayTime) refers to displaytime.o(.data) for tid_thdDisplayTime
    displaytime.o(i.thdDisplayTime) refers to rtx_kernel.o(.text.osKernelGetTickFreq) for osKernelGetTickFreq
    displaytime.o(i.thdDisplayTime) refers to rtx_delay.o(.text.osDelay) for osDelay
    displaytime.o(i.thdDisplayTime) refers to rtx_mutex.o(.text.osMutexAcquire) for osMutexAcquire
    displaytime.o(i.thdDisplayTime) refers to rtx_mutex.o(.text.osMutexRelease) for osMutexRelease
    displaytime.o(i.thdDisplayTime) refers to glcd_mcbstm32f200.o(i.GLCD_DrawChar) for GLCD_DrawChar
    displaytime.o(i.thdDisplayTime) refers to main.o(.data) for mutSecond
    second.o(i.Init_secondThread) refers to rtx_thread.o(.text.osThreadNew) for osThreadNew
    second.o(i.Init_secondThread) refers to second.o(i.secondThread) for secondThread
    second.o(i.Init_secondThread) refers to second.o(.data) for second_Thread
    second.o(i.secondThread) refers to rtx_kernel.o(.text.osKernelGetTickFreq) for osKernelGetTickFreq
    second.o(i.secondThread) refers to rtx_delay.o(.text.osDelay) for osDelay
    second.o(i.secondThread) refers to rtx_mutex.o(.text.osMutexAcquire) for osMutexAcquire
    second.o(i.secondThread) refers to rtx_mutex.o(.text.osMutexRelease) for osMutexRelease
    second.o(i.secondThread) refers to rtx_semaphore.o(.text.osSemaphoreRelease) for osSemaphoreRelease
    second.o(i.secondThread) refers to rtx_semaphore.o(.text.osSemaphoreAcquire) for osSemaphoreAcquire
    second.o(i.secondThread) refers to rtx_thread.o(.text.osThreadYield) for osThreadYield
    second.o(i.secondThread) refers to main.o(.data) for mutSecond
    minute.o(i.Init_minuteThread) refers to rtx_thread.o(.text.osThreadNew) for osThreadNew
    minute.o(i.Init_minuteThread) refers to minute.o(i.minuteThread) for minuteThread
    minute.o(i.Init_minuteThread) refers to minute.o(.data) for minute_Thread
    minute.o(i.minuteThread) refers to rtx_semaphore.o(.text.osSemaphoreAcquire) for osSemaphoreAcquire
    minute.o(i.minuteThread) refers to rtx_mutex.o(.text.osMutexAcquire) for osMutexAcquire
    minute.o(i.minuteThread) refers to rtx_mutex.o(.text.osMutexRelease) for osMutexRelease
    minute.o(i.minuteThread) refers to rtx_semaphore.o(.text.osSemaphoreRelease) for osSemaphoreRelease
    minute.o(i.minuteThread) refers to rtx_thread.o(.text.osThreadYield) for osThreadYield
    minute.o(i.minuteThread) refers to main.o(.data) for semMinute
    hour.o(i.Init_hourThread) refers to rtx_thread.o(.text.osThreadNew) for osThreadNew
[...]
    __arm_cp.7_0                             0x08001a7c   Number         4  rtx_semaphore.o(.text.svcRtxSemaphoreNew)
    __arm_cp.7_1                             0x08001a80   Number         4  rtx_semaphore.o(.text.svcRtxSemaphoreNew)
    [Anonymous Symbol]                       0x08001a84   Section        0  rtx_thread.o(.text.svcRtxThreadExit)
    svcRtxThreadExit                         0x08001a85   Thumb Code   112  rtx_thread.o(.text.svcRtxThreadExit)
    __arm_cp.54_0                            0x08001af0   Number         4  rtx_thread.o(.text.svcRtxThreadExit)
    [Anonymous Symbol]                       0x08001af4   Section        0  rtx_thread.o(.text.svcRtxThreadNew)
    svcRtxThreadNew                          0x08001af5   Thumb Code   476  rtx_thread.o(.text.svcRtxThreadNew)
    __arm_cp.16_0                            0x08001cbc   Number         4  rtx_thread.o(.text.svcRtxThreadNew)
    __arm_cp.16_1                            0x08001cc0   Number         4  rtx_thread.o(.text.svcRtxThreadNew)
    __arm_cp.16_2                            0x08001cc4   Number         4  rtx_thread.o(.text.svcRtxThreadNew)
    __arm_cp.16_3                            0x08001cc8   Number         4  rtx_thread.o(.text.svcRtxThreadNew)
    __arm_cp.16_4                            0x08001ccc   Number         4  rtx_thread.o(.text.svcRtxThreadNew)
    [Anonymous Symbol]                       0x08001cd0   Section        0  rtx_thread.o(.text.svcRtxThreadSetPriority)
    svcRtxThreadSetPriority                  0x08001cd1   Thumb Code    76  rtx_thread.o(.text.svcRtxThreadSetPriority)
    i.Buttons_Initialize                     0x08001d1c   Section        0  buttons_mcbstm32f200.o(i.Buttons_Initialize)
    i.DMA_CalcBaseAndBitshift                0x08001dcc   Section        0  stm32f2xx_hal_dma.o(i.DMA_CalcBaseAndBitshift)
    DMA_CalcBaseAndBitshift                  0x08001dcd   Thumb Code    46  stm32f2xx_hal_dma.o(i.DMA_CalcBaseAndBitshift)
    i.DMA_SetConfig                          0x08001e00   Section        0  stm32f2xx_hal_dma.o(i.DMA_SetConfig)
    DMA_SetConfig                            0x08001e01   Thumb Code    44  stm32f2xx_hal_dma.o(i.DMA_SetConfig)
    i.EXTI15_10_IRQHandler                   0x08001e2c   Section        0  main.o(i.EXTI15_10_IRQHandler)
    i.Enable_GPIO_Clock                      0x08001e70   Section        0  i2c_stm32f2xx.o(i.Enable_GPIO_Clock)
    Enable_GPIO_Clock                        0x08001e71   Thumb Code   346  i2c_stm32f2xx.o(i.Enable_GPIO_Clock)
    i.FSMC_NORSRAM_Extended_Timing_Init      0x08001ff4   Section        0  stm32f2xx_ll_fsmc.o(i.FSMC_NORSRAM_Extended_Timing_Init)
    i.FSMC_NORSRAM_Init                      0x0800203c   Section        0  stm32f2xx_ll_fsmc.o(i.FSMC_NORSRAM_Init)
    i.FSMC_NORSRAM_Timing_Init               0x08002094   Section        0  stm32f2xx_ll_fsmc.o(i.FSMC_NORSRAM_Timing_Init)
    i.GLCD_ClearScreen                       0x080020d8   Section        0  glcd_mcbstm32f200.o(i.GLCD_ClearScreen)
    i.GLCD_DrawChar                          0x08002114   Section        0  glcd_mcbstm32f200.o(i.GLCD_DrawChar)
    i.GLCD_Initialize                        0x080021e4   Section        0  glcd_mcbstm32f200.o(i.GLCD_Initialize)
    i.GLCD_SetBackgroundColor                0x08002918   Section        0  glcd_mcbstm32f200.o(i.GLCD_SetBackgroundColor)
    i.GLCD_SetFont                           0x08002928   Section        0  glcd_mcbstm32f200.o(i.GLCD_SetFont)
    i.GLCD_SetForegroundColor                0x08002938   Section        0  glcd_mcbstm32f200.o(i.GLCD_SetForegroundColor)
    i.GLCD_SetWindow                         0x08002948   Section        0  glcd_mcbstm32f200.o(i.GLCD_SetWindow)
    GLCD_SetWindow                           0x08002949   Thumb Code   168  glcd_mcbstm32f200.o(i.GLCD_SetWindow)
    i.HAL_DMA_Abort                          0x080029f4   Section        0  stm32f2xx_hal_dma.o(i.HAL_DMA_Abort)
    i.HAL_DMA_Init                           0x08002a54   Section        0  stm32f2xx_hal_dma.o(i.HAL_DMA_Init)
    i.HAL_DMA_Start_IT                       0x08002ad8   Section        0  stm32f2xx_hal_dma.o(i.HAL_DMA_Start_IT)
    i.HAL_Delay                              0x08002b42   Section        0  stm32f2xx_hal.o(i.HAL_Delay)
    i.HAL_GPIO_DeInit                        0x08002b5c   Section        0  stm32f2xx_hal_gpio.o(i.HAL_GPIO_DeInit)
    i.HAL_GPIO_Init                          0x08002cd0   Section        0  stm32f2xx_hal_gpio.o(i.HAL_GPIO_Init)
    i.HAL_GPIO_ReadPin                       0x08002edc   Section        0  stm32f2xx_hal_gpio.o(i.HAL_GPIO_ReadPin)
    i.HAL_GPIO_WritePin                      0x08002eec   Section        0  stm32f2xx_hal_gpio.o(i.HAL_GPIO_WritePin)
    i.HAL_GetTick                            0x08002ef8   Section        0  main.o(i.HAL_GetTick)
    i.HAL_Init                               0x08002f00   Section        0  stm32f2xx_hal.o(i.HAL_Init)
    i.HAL_InitTick                           0x08002f3c   Section        0  stm32f2xx_hal.o(i.HAL_InitTick)
    i.HAL_MspInit                            0x08002f60   Section        0  stm32f2xx_hal.o(i.HAL_MspInit)
    i.HAL_NVIC_ClearPendingIRQ               0x08002f64   Section        0  stm32f2xx_hal_cortex.o(i.HAL_NVIC_ClearPendingIRQ)
    i.HAL_NVIC_DisableIRQ                    0x08002f88   Section        0  stm32f2xx_hal_cortex.o(i.HAL_NVIC_DisableIRQ)
    i.HAL_NVIC_EnableIRQ                     0x08002fcc   Section        0  stm32f2xx_hal_cortex.o(i.HAL_NVIC_EnableIRQ)
    i.HAL_NVIC_SetPriority                   0x08002ff4   Section        0  stm32f2xx_hal_cortex.o(i.HAL_NVIC_SetPriority)
    i.HAL_NVIC_SetPriorityGrouping           0x08003070   Section        0  stm32f2xx_hal_cortex.o(i.HAL_NVIC_SetPriorityGrouping)
    i.HAL_RCC_GetHCLKFreq                    0x08003098   Section        0  stm32f2xx_hal_rcc.o(i.HAL_RCC_GetHCLKFreq)
    i.HAL_RCC_GetPCLK1Freq                   0x080030d0   Section        0  stm32f2xx_hal_rcc.o(i.HAL_RCC_GetPCLK1Freq)
    i.HAL_RCC_GetSysClockFreq                0x080030fc   Section        0  stm32f2xx_hal_rcc.o(i.HAL_RCC_GetSysClockFreq)
    i.HAL_SRAM_Init                          0x080031b0   Section        0  stm32f2xx_hal_sram.o(i.HAL_SRAM_Init)
    i.HAL_SRAM_MspInit                       0x08003208   Section        0  stm32f2xx_hal_sram.o(i.HAL_SRAM_MspInit)
    i.HAL_SYSTICK_Config                     0x0800320a   Section        0  stm32f2xx_hal_cortex.o(i.HAL_SYSTICK_Config)
    i.I2C1_Control                           0x08003240   Section        0  i2c_stm32f2xx.o(i.I2C1_Control)
    I2C1_Control                             0x08003241   Thumb Code    18  i2c_stm32f2xx.o(i.I2C1_Control)
    i.I2C1_ER_IRQHandler                     0x08003258   Section        0  i2c_stm32f2xx.o(i.I2C1_ER_IRQHandler)
    i.I2C1_EV_IRQHandler                     0x08003268   Section        0  i2c_stm32f2xx.o(i.I2C1_EV_IRQHandler)
    i.I2C1_GetDataCount                      0x08003278   Section        0  i2c_stm32f2xx.o(i.I2C1_GetDataCount)
    I2C1_GetDataCount                        0x08003279   Thumb Code    10  i2c_stm32f2xx.o(i.I2C1_GetDataCount)
    i.I2C1_GetStatus                         0x08003288   Section        0  i2c_stm32f2xx.o(i.I2C1_GetStatus)
    I2C1_GetStatus                           0x08003289   Thumb Code    12  i2c_stm32f2xx.o(i.I2C1_GetStatus)
    i.I2C1_Initialize                        0x08003298   Section        0  i2c_stm32f2xx.o(i.I2C1_Initialize)
    I2C1_Initialize                          0x08003299   Thumb Code    14  i2c_stm32f2xx.o(i.I2C1_Initialize)
    i.I2C1_MasterReceive                     0x080032ac   Section        0  i2c_stm32f2xx.o(i.I2C1_MasterReceive)
    I2C1_MasterReceive                       0x080032ad   Thumb Code    28  i2c_stm32f2xx.o(i.I2C1_MasterReceive)
    i.I2C1_MasterTransmit                    0x080032cc   Section        0  i2c_stm32f2xx.o(i.I2C1_MasterTransmit)
    I2C1_MasterTransmit                      0x080032cd   Thumb Code    28  i2c_stm32f2xx.o(i.I2C1_MasterTransmit)
    i.I2C1_PowerControl                      0x080032ec   Section        0  i2c_stm32f2xx.o(i.I2C1_PowerControl)
    I2C1_PowerControl                        0x080032ed   Thumb Code    14  i2c_stm32f2xx.o(i.I2C1_PowerControl)
    i.I2C1_SlaveReceive                      0x08003300   Section        0  i2c_stm32f2xx.o(i.I2C1_SlaveReceive)
    I2C1_SlaveReceive                        0x08003301   Thumb Code    18  i2c_stm32f2xx.o(i.I2C1_SlaveReceive)
    i.I2C1_SlaveTransmit                     0x08003318   Section        0  i2c_stm32f2xx.o(i.I2C1_SlaveTransmit)
    I2C1_SlaveTransmit                       0x08003319   Thumb Code    18  i2c_stm32f2xx.o(i.I2C1_SlaveTransmit)
    i.I2C1_Uninitialize                      0x08003330   Section        0  i2c_stm32f2xx.o(i.I2C1_Uninitialize)
    I2C1_Uninitialize                        0x08003331   Thumb Code    10  i2c_stm32f2xx.o(i.I2C1_Uninitialize)
    i.I2CX_GetCapabilities                   0x08003340   Section        0  i2c_stm32f2xx.o(i.I2CX_GetCapabilities)
    I2CX_GetCapabilities                     0x08003341   Thumb Code     6  i2c_stm32f2xx.o(i.I2CX_GetCapabilities)
    i.I2CX_GetVersion                        0x0800334c   Section        0  i2c_stm32f2xx.o(i.I2CX_GetVersion)
    I2CX_GetVersion                          0x0800334d   Thumb Code    10  i2c_stm32f2xx.o(i.I2CX_GetVersion)
    i.I2C_Control                            0x0800335c   Section        0  i2c_stm32f2xx.o(i.I2C_Control)
    I2C_Control                              0x0800335d   Thumb Code   768  i2c_stm32f2xx.o(i.I2C_Control)
    i.I2C_ER_IRQHandler                      0x0800367c   Section        0  i2c_stm32f2xx.o(i.I2C_ER_IRQHandler)
    I2C_ER_IRQHandler                        0x0800367d   Thumb Code   314  i2c_stm32f2xx.o(i.I2C_ER_IRQHandler)
    i.I2C_EV_IRQHandler                      0x080037b6   Section        0  i2c_stm32f2xx.o(i.I2C_EV_IRQHandler)
    I2C_EV_IRQHandler                        0x080037b7   Thumb Code  1426  i2c_stm32f2xx.o(i.I2C_EV_IRQHandler)
    i.I2C_GetDataCount                       0x08003d48   Section        0  i2c_stm32f2xx.o(i.I2C_GetDataCount)
    I2C_GetDataCount                         0x08003d49   Thumb Code     8  i2c_stm32f2xx.o(i.I2C_GetDataCount)
    i.I2C_GetStatus                          0x08003d50   Section        0  i2c_stm32f2xx.o(i.I2C_GetStatus)
    I2C_GetStatus                            0x08003d51   Thumb Code     8  i2c_stm32f2xx.o(i.I2C_GetStatus)
    i.I2C_Initialize                         0x08003d58   Section        0  i2c_stm32f2xx.o(i.I2C_Initialize)
    I2C_Initialize                           0x08003d59   Thumb Code   440  i2c_stm32f2xx.o(i.I2C_Initialize)
    i.I2C_MasterReceive                      0x08003f14   Section        0  i2c_stm32f2xx.o(i.I2C_MasterReceive)
    I2C_MasterReceive                        0x08003f15   Thumb Code   282  i2c_stm32f2xx.o(i.I2C_MasterReceive)
    i.I2C_MasterTransmit                     0x0800402e   Section        0  i2c_stm32f2xx.o(i.I2C_MasterTransmit)
    I2C_MasterTransmit                       0x0800402f   Thumb Code   256  i2c_stm32f2xx.o(i.I2C_MasterTransmit)
    i.I2C_PowerControl                       0x08004130   Section        0  i2c_stm32f2xx.o(i.I2C_PowerControl)
    I2C_PowerControl                         0x08004131   Thumb Code   654  i2c_stm32f2xx.o(i.I2C_PowerControl)
    i.I2C_SlaveReceive                       0x080043cc   Section        0  i2c_stm32f2xx.o(i.I2C_SlaveReceive)
    I2C_SlaveReceive                         0x080043cd   Thumb Code   144  i2c_stm32f2xx.o(i.I2C_SlaveReceive)
    i.I2C_SlaveTransmit                      0x0800445c   Section        0  i2c_stm32f2xx.o(i.I2C_SlaveTransmit)
    I2C_SlaveTransmit                        0x0800445d   Thumb Code   134  i2c_stm32f2xx.o(i.I2C_SlaveTransmit)
    i.I2C_Uninitialize                       0x080044e2   Section        0  i2c_stm32f2xx.o(i.I2C_Uninitialize)
    I2C_Uninitialize                         0x080044e3   Thumb Code    52  i2c_stm32f2xx.o(i.I2C_Uninitialize)
    i.Init_thdDisplayTime                    0x08004518   Section        0  displaytime.o(i.Init_thdDisplayTime)
    i.LED_Initialize                         0x08004540   Section        0  led_mcbstm32f200.o(i.LED_Initialize)
    i.SystemCoreClockUpdate                  0x08004604   Section        0  system_stm32f2xx.o(i.SystemCoreClockUpdate)
    i.SystemInit                             0x080046c4   Section        0  system_stm32f2xx.o(i.SystemInit)
    i.__NVIC_GetPriorityGrouping             0x08004718   Section        0  stm32f2xx_hal_cortex.o(i.__NVIC_GetPriorityGrouping)
    __NVIC_GetPriorityGrouping               0x08004719   Thumb Code    10  stm32f2xx_hal_cortex.o(i.__NVIC_GetPriorityGrouping)
    i.__NVIC_SetPriority                     0x08004728   Section        0  stm32f2xx_hal_cortex.o(i.__NVIC_SetPriority)
    __NVIC_SetPriority                       0x08004729   Thumb Code    32  stm32f2xx_hal_cortex.o(i.__NVIC_SetPriority)
    i._mutex_acquire                         0x08004750   Section        0  rtx_lib.o(i._mutex_acquire)
    __tagsym$$used                           0x08004751   Number         0  rtx_lib.o(i._mutex_acquire)
    i._mutex_free                            0x08004766   Section        0  rtx_lib.o(i._mutex_free)
    __tagsym$$used                           0x08004767   Number         0  rtx_lib.o(i._mutex_free)
    i._mutex_initialize                      0x08004772   Section        0  rtx_lib.o(i._mutex_initialize)
    __tagsym$$used                           0x08004773   Number         0  rtx_lib.o(i._mutex_initialize)
    i._mutex_release                         0x08004794   Section        0  rtx_lib.o(i._mutex_release)
    __tagsym$$used                           0x08004795   Number         0  rtx_lib.o(i._mutex_release)
    i._platform_post_stackheap_init          0x080047a6   Section        0  rtx_lib.o(i._platform_post_stackheap_init)
    i.app_hw_init                            0x080047b0   Section        0  main.o(i.app_hw_init)
    i.main                                   0x080047e8   Section        0  main.o(i.main)
    i.osRtxErrorNotify                       0x08004924   Section        0  rtx_config.o(i.osRtxErrorNotify)
    i.osRtxIdleThread                        0x08004944   Section        0  rtx_config.o(i.osRtxIdleThread)
    i.osRtxThreadStackCheck                  0x08004948   Section        0  rtx_lib.o(i.osRtxThreadStackCheck)
    i.os_kernel_is_active                    0x0800494c   Section        0  rtx_lib.o(i.os_kernel_is_active)
    os_kernel_is_active                      0x0800494d   Thumb Code    28  rtx_lib.o(i.os_kernel_is_active)
    i.thdDisplayTime                         0x0800496c   Section        0  displaytime.o(i.thdDisplayTime)
    i.wr_cmd                                 0x08004a88   Section        0  glcd_mcbstm32f200.o(i.wr_cmd)
    wr_cmd                                   0x08004a89   Thumb Code     8  glcd_mcbstm32f200.o(i.wr_cmd)
    i.wr_dat                                 0x08004a90   Section        0  glcd_mcbstm32f200.o(i.wr_dat)
    wr_dat                                   0x08004a91   Thumb Code     8  glcd_mcbstm32f200.o(i.wr_dat)
    i.wr_dat_only                            0x08004a98   Section        0  glcd_mcbstm32f200.o(i.wr_dat_only)
    wr_dat_only                              0x08004a99   Thumb Code     8  glcd_mcbstm32f200.o(i.wr_dat_only)
    i.wr_reg                                 0x08004aa0   Section        0  glcd_mcbstm32f200.o(i.wr_reg)
    wr_reg                                   0x08004aa1   Thumb Code    20  glcd_mcbstm32f200.o(i.wr_reg)
    .constdata                               0x08004ab4   Section     6304  glcd_fonts.o(.constdata)
    Font_6x8_h                               0x08004ab4   Data         896  glcd_fonts.o(.constdata)
    Font_16x24_h                             0x08004e34   Data        5376  glcd_fonts.o(.constdata)
    .constdata                               0x08006354   Section      100  rtx_lib.o(.constdata)
    os_idle_thread_attr                      0x08006354   Data          36  rtx_lib.o(.constdata)
    os_timer_thread_attr                     0x08006378   Data          36  rtx_lib.o(.constdata)
    os_timer_mq_attr                         0x0800639c   Data          24  rtx_lib.o(.constdata)
    .constdata                               0x080063b8   Section      104  i2c_stm32f2xx.o(.constdata)
    DriverVersion                            0x080063b8   Data           4  i2c_stm32f2xx.o(.constdata)
    DriverCapabilities                       0x080063bc   Data           4  i2c_stm32f2xx.o(.constdata)
    I2C1_Resources                           0x080063c0   Data          48  i2c_stm32f2xx.o(.constdata)
    .constdata                               0x08006420   Section        8  stm32f2xx_hal_dma.o(.constdata)
    flagBitshiftOffset                       0x08006420   Data           8  stm32f2xx_hal_dma.o(.constdata)
    .constdata                               0x08006428   Section       16  stm32f2xx_hal_rcc.o(.constdata)
    .constdata                               0x08006438   Section       16  system_stm32f2xx.o(.constdata)
    .constdata                               0x08006448   Section        1  irq_cm3.o(.constdata)
    .rodata                                  0x0800644c   Section      160  rtx_lib.o(.rodata)
    __tagsym$$used                           0x0800644c   Number         0  rtx_lib.o(.rodata)
    __tagsym$$used                           0x080064b4   Number         0  rtx_lib.o(.rodata)
    [Anonymous Symbol]                       0x080064ec   Section        0  rtx_kernel.o(.rodata.str1.4)
    .L.str                                   0x080064ec   Data          11  rtx_kernel.o(.rodata.str1.4)
    .bss.os                                  0x20000000   Section     4160  rtx_lib.o(.bss.os)
    os_mem                                   0x20000000   Data        4096  rtx_lib.o(.bss.os)
    os_isr_queue                             0x20001000   Data          64  rtx_lib.o(.bss.os)
    .bss.os.msgqueue.cb                      0x20001040   Section       52  rtx_lib.o(.bss.os.msgqueue.cb)
    os_timer_mq_cb                           0x20001040   Data          52  rtx_lib.o(.bss.os.msgqueue.cb)
    .bss.os.msgqueue.mem                     0x20001074   Section       80  rtx_lib.o(.bss.os.msgqueue.mem)
    os_timer_mq_data                         0x20001074   Data          80  rtx_lib.o(.bss.os.msgqueue.mem)
    .bss.os.mutex.cb                         0x200010c4   Section       84  rtx_lib.o(.bss.os.mutex.cb)
    os_mutex_cb                              0x200010c4   Data          84  rtx_lib.o(.bss.os.mutex.cb)
    .bss.os.semaphore.cb                     0x20001118   Section       16  rtx_lib.o(.bss.os.semaphore.cb)
    os_semaphore_cb                          0x20001118   Data          16  rtx_lib.o(.bss.os.semaphore.cb)
    .bss.os.thread.cb                        0x20001128   Section      340  rtx_lib.o(.bss.os.thread.cb)
    os_thread_cb                             0x20001128   Data         204  rtx_lib.o(.bss.os.thread.cb)
    os_idle_thread_cb                        0x200011f4   Data          68  rtx_lib.o(.bss.os.thread.cb)
    os_timer_thread_cb                       0x20001238   Data          68  rtx_lib.o(.bss.os.thread.cb)
    .bss.os.thread.stack                     0x20001280   Section      400  rtx_lib.o(.bss.os.thread.stack)
    os_idle_thread_stack                     0x20001280   Data         200  rtx_lib.o(.bss.os.thread.stack)
    os_timer_thread_stack                    0x20001348   Data         200  rtx_lib.o(.bss.os.thread.stack)
    .data                                    0x20001410   Section       44  main.o(.data)
    i                                        0x20001438   Data           4  main.o(.data)
    .data                                    0x2000143c   Section        4  displaytime.o(.data)
    .data                                    0x20001440   Section        9  glcd_mcbstm32f200.o(.data)
    foreground_color                         0x20001440   Data           2  glcd_mcbstm32f200.o(.data)
    background_color                         0x20001442   Data           2  glcd_mcbstm32f200.o(.data)
    active_font                              0x20001444   Data           4  glcd_mcbstm32f200.o(.data)
    Himax                                    0x20001448   Data           1  glcd_mcbstm32f200.o(.data)
    .data                                    0x2000144c   Section        5  rtx_lib.o(.data)
    os_kernel_active                         0x20001450   Data           1  rtx_lib.o(.data)
    .data                                    0x20001454   Section        4  system_stm32f2xx.o(.data)
    .data.os.mutex.mpi                       0x200014fc   Section       24  rtx_lib.o(.data.os.mutex.mpi)
    os_mpi_mutex                             0x200014fc   Data          24  rtx_lib.o(.data.os.mutex.mpi)
    .data.os.semaphore.mpi                   0x20001514   Section       24  rtx_lib.o(.data.os.semaphore.mpi)
    os_mpi_semaphore                         0x20001514   Data          24  rtx_lib.o(.data.os.semaphore.mpi)
    .data.os.thread.mpi                      0x2000152c   Section       24  rtx_lib.o(.data.os.thread.mpi)
    os_mpi_thread                            0x2000152c   Data          24  rtx_lib.o(.data.os.thread.mpi)
    .bss                                     0x20001544   Section       68  glcd_mcbstm32f200.o(.bss)
    hsram4                                   0x20001544   Data          68  glcd_mcbstm32f200.o(.bss)
    .bss                                     0x20001588   Section       28  i2c_stm32f2xx.o(.bss)
    I2C1_Info                                0x20001588   Data          28  i2c_stm32f2xx.o(.bss)
    .bss                                     0x200015a4   Section       96  libspace.o(.bss)
    [Anonymous Symbol]                       0x20001604   Section        0  os_systick.o(.bss.PendST)
    PendST                                   0x20001604   Data           1  os_systick.o(.bss.PendST)
    HEAP                                     0x20001608   Section      512  startup_stm32f207xx.o(HEAP)
    Heap_Mem                                 0x20001608   Data         512  startup_stm32f207xx.o(HEAP)
    STACK                                    0x20001808   Section     1024  startup_stm32f207xx.o(STACK)
    Stack_Mem                                0x20001808   Data        1024  startup_stm32f207xx.o(STACK)
    __initial_sp                             0x20001c08   Data           0  startup_stm32f207xx.o(STACK)

    Global Symbols

    Symbol Name                              Value     Ov Type        Size  Object(Section)

    BuildAttributes$$THM_ISAv4$P$D$K$B$S$PE$A:L22UL41UL21$X:L11$S22US41US21$IEEE1$IW$~IW$USESV6$~STKCKD$USESV7$~SHL$OSPACE$ROPI$EBA8$UX$STANDARDLIB$REQ8$PRES8$EABIv2 0x00000000   Number         0  anon$$obj.o ABSOLUTE
    __ARM_use_no_argv                        0x00000000   Number         0  main.o ABSOLUTE
    .bss.os.evflags.cb$$Base                  - Undefined Weak Reference
    .bss.os.evflags.cb$$Limit                 - Undefined Weak Reference
    .bss.os.mempool.cb$$Base                  - Undefined Weak Reference
    .bss.os.mempool.cb$$Limit                 - Undefined Weak Reference
    .bss.os.timer.cb$$Base                    - Undefined Weak Reference
    .bss.os.timer.cb$$Limit                   - Undefined Weak Reference
    __ARM_exceptions_init                     - Undefined Weak Reference
    __alloca_initialize                       - Undefined Weak Reference
    __arm_preinit_                            - Undefined Weak Reference
    __cpp_initialize__aeabi_                  - Undefined Weak Reference
    __cxa_finalize                            - Undefined Weak Reference
    __rt_locale                               - Undefined Weak Reference
    __sigvec_lookup                           - Undefined Weak Reference
    _atexit_init                              - Undefined Weak Reference
    _call_atexit_fns                          - Undefined Weak Reference
    _clock_init                               - Undefined Weak Reference
    _fp_trap_init                             - Undefined Weak Reference
    _fp_trap_shutdown                         - Undefined Weak Reference
    _get_lc_collate                           - Undefined Weak Reference
    _get_lc_ctype                             - Undefined Weak Reference
    _get_lc_monetary                          - Undefined Weak Reference
    _get_lc_numeric                           - Undefined Weak Reference
    _get_lc_time                              - Undefined Weak Reference
    _getenv_init                              - Undefined Weak Reference
    _handle_redirection                       - Undefined Weak Reference
    _init_alloc                               - Undefined Weak Reference
    _init_user_alloc                          - Undefined Weak Reference
    _initio                                   - Undefined Weak Reference
    _rand_init                                - Undefined Weak Reference
    _signal_finish                            - Undefined Weak Reference
    _signal_init                              - Undefined Weak Reference
    _terminate_alloc                          - Undefined Weak Reference
    _terminate_user_alloc                     - Undefined Weak Reference
    _terminateio                              - Undefined Weak Reference
    __Vectors_Size                           0x00000184   Number         0  startup_stm32f207xx.o ABSOLUTE
    __Vectors                                0x08000000   Data           4  startup_stm32f207xx.o(RESET)
    __Vectors_End                            0x08000184   Data           0  startup_stm32f207xx.o(RESET)
    __main                                   0x08000185   Thumb Code     8  __main.o(!!!main)
    __scatterload                            0x0800018d   Thumb Code     0  __scatter.o(!!!scatter)
    __scatterload_rt2                        0x0800018d   Thumb Code    44  __scatter.o(!!!scatter)
    __scatterload_rt2_thumb_only             0x0800018d   Thumb Code     0  __scatter.o(!!!scatter)
    __scatterload_null                       0x0800019b   Thumb Code     0  __scatter.o(!!!scatter)
    __decompress                             0x080001c1   Thumb Code    90  __dczerorl2.o(!!dczerorl2)
    __decompress1                            0x080001c1   Thumb Code     0  __dczerorl2.o(!!dczerorl2)
    __scatterload_zeroinit                   0x0800021d   Thumb Code    28  __scatter_zi.o(!!handler_zi)
    __rt_lib_init                            0x08000239   Thumb Code     0  libinit.o(.ARM.Collect$$libinit$$00000000)
    __rt_lib_init_alloca_1                   0x0800023b   Thumb Code     0  libinit2.o(.ARM.Collect$$libinit$$0000002E)
    __rt_lib_init_argv_1                     0x0800023b   Thumb Code     0  libinit2.o(.ARM.Collect$$libinit$$0000002C)
    __rt_lib_init_atexit_1                   0x0800023b   Thumb Code     0  libinit2.o(.ARM.Collect$$libinit$$0000001B)
    __rt_lib_init_clock_1                    0x0800023b   Thumb Code     0  libinit2.o(.ARM.Collect$$libinit$$00000021)
    __rt_lib_init_cpp_1                      0x0800023b   Thumb Code     0  libinit2.o(.ARM.Collect$$libinit$$00000032)
    __rt_lib_init_exceptions_1               0x0800023b   Thumb Code     0  libinit2.o(.ARM.Collect$$libinit$$00000030)
    __rt_lib_init_fp_1                       0x0800023b   Thumb Code     0  libinit2.o(.ARM.Collect$$libinit$$00000002)
    __rt_lib_init_fp_trap_1                  0x0800023b   Thumb Code     0  libinit2.o(.ARM.Collect$$libinit$$0000001F)
    __rt_lib_init_getenv_1                   0x0800023b   Thumb Code     0  libinit2.o(.ARM.Collect$$libinit$$00000023)
    __rt_lib_init_heap_1                     0x0800023b   Thumb Code     0  libinit2.o(.ARM.Collect$$libinit$$0000000A)
    __rt_lib_init_lc_collate_1               0x0800023b   Thumb Code     0  libinit2.o(.ARM.Collect$$libinit$$00000011)
    __rt_lib_init_lc_ctype_1                 0x0800023b   Thumb Code     0  libinit2.o(.ARM.Collect$$libinit$$00000013)
    __rt_lib_init_lc_monetary_1              0x0800023b   Thumb Code     0  libinit2.o(.ARM.Collect$$libinit$$00000015)
    __rt_lib_init_lc_numeric_1               0x0800023b   Thumb Code     0  libinit2.o(.ARM.Collect$$libinit$$00000017)
    __rt_lib_init_lc_time_1                  0x0800023b   Thumb Code     0  libinit2.o(.ARM.Collect$$libinit$$00000019)
    __rt_lib_init_preinit_1                  0x0800023b   Thumb Code     0  libinit2.o(.ARM.Collect$$libinit$$00000004)
    __rt_lib_init_rand_1                     0x0800023b   Thumb Code     0  libinit2.o(.ARM.Collect$$libinit$$0000000E)
    __rt_lib_init_return                     0x0800023b   Thumb Code     0  libinit2.o(.ARM.Collect$$libinit$$00000033)
    __rt_lib_init_signal_1                   0x0800023b   Thumb Code     0  libinit2.o(.ARM.Collect$$libinit$$0000001D)
    __rt_lib_init_stdio_1                    0x0800023b   Thumb Code     0  libinit2.o(.ARM.Collect$$libinit$$00000025)
    __rt_lib_init_user_alloc_1               0x0800023b   Thumb Code     0  libinit2.o(.ARM.Collect$$libinit$$0000000C)
    __rt_lib_shutdown                        0x0800023d   Thumb Code     0  libshutdown.o(.ARM.Collect$$libshutdown$$00000000)
    __rt_lib_shutdown_cpp_1                  0x0800023f   Thumb Code     0  libshutdown2.o(.ARM.Collect$$libshutdown$$00000002)
    __rt_lib_shutdown_fp_trap_1              0x0800023f   Thumb Code     0  libshutdown2.o(.ARM.Collect$$libshutdown$$00000007)
    __rt_lib_shutdown_heap_1                 0x0800023f   Thumb Code     0  libshutdown2.o(.ARM.Collect$$libshutdown$$0000000F)
    __rt_lib_shutdown_return                 0x0800023f   Thumb Code     0  libshutdown2.o(.ARM.Collect$$libshutdown$$00000010)
    __rt_lib_shutdown_signal_1               0x0800023f   Thumb Code     0  libshutdown2.o(.ARM.Collect$$libshutdown$$0000000A)
    __rt_lib_shutdown_stdio_1                0x0800023f   Thumb Code     0  libshutdown2.o(.ARM.Collect$$libshutdown$$00000004)
    __rt_lib_shutdown_user_alloc_1           0x0800023f   Thumb Code     0  libshutdown2.o(.ARM.Collect$$libshutdown$$0000000C)
    __rt_entry                               0x08000241   Thumb Code     0  __rtentry.o(.ARM.Collect$$rtentry$$00000000)
    __rt_entry_presh_1                       0x08000241   Thumb Code     0  __rtentry2.o(.ARM.Collect$$rtentry$$00000002)
    __rt_entry_sh                            0x08000241   Thumb Code     0  __rtentry4.o(.ARM.Collect$$rtentry$$00000004)
    __rt_entry_postsh_1                      0x08000247   Thumb Code     0  __rtentry2.o(.ARM.Collect$$rtentry$$00000008)
    __rt_entry_li                            0x0800024f   Thumb Code     0  __rtentry2.o(.ARM.Collect$$rtentry$$0000000A)
    __rt_entry_main                          0x08000253   Thumb Code     0  __rtentry2.o(.ARM.Collect$$rtentry$$0000000D)
    __rt_entry_postli_1                      0x08000253   Thumb Code     0  __rtentry2.o(.ARM.Collect$$rtentry$$0000000C)
    __rt_exit                                0x0800025b   Thumb Code     0  rtexit.o(.ARM.Collect$$rtexit$$00000000)
    __rt_exit_ls                             0x0800025d   Thumb Code     0  rtexit2.o(.ARM.Collect$$rtexit$$00000003)
    __rt_exit_prels_1                        0x0800025d   Thumb Code     0  rtexit2.o(.ARM.Collect$$rtexit$$00000002)
    __rt_exit_exit                           0x08000261   Thumb Code     0  rtexit2.o(.ARM.Collect$$rtexit$$00000004)
    Reset_Handler                            0x08000269   Thumb Code     8  startup_stm32f207xx.o(.text)
    NMI_Handler                              0x08000271   Thumb Code     2  startup_stm32f207xx.o(.text)
    HardFault_Handler                        0x08000273   Thumb Code     2  startup_stm32f207xx.o(.text)
    MemManage_Handler                        0x08000275   Thumb Code     2  startup_stm32f207xx.o(.text)
    BusFault_Handler                         0x08000277   Thumb Code     2  startup_stm32f207xx.o(.text)
    UsageFault_Handler                       0x08000279   Thumb Code     2  startup_stm32f207xx.o(.text)
    DebugMon_Handler                         0x0800027d   Thumb Code     2  startup_stm32f207xx.o(.text)
    ADC_IRQHandler                           0x08000283   Thumb Code     0  startup_stm32f207xx.o(.text)
    CAN1_RX0_IRQHandler                      0x08000283   Thumb Code     0  startup_stm32f207xx.o(.text)
    CAN1_RX1_IRQHandler                      0x08000283   Thumb Code     0  startup_stm32f207xx.o(.text)
    CAN1_SCE_IRQHandler                      0x08000283   Thumb Code     0  startup_stm32f207xx.o(.text)
    CAN1_TX_IRQHandler                       0x08000283   Thumb Code     0  startup_stm32f207xx.o(.text)
    CAN2_RX0_IRQHandler                      0x08000283   Thumb Code     0  startup_stm32f207xx.o(.text)
    CAN2_RX1_IRQHandler                      0x08000283   Thumb Code     0  startup_stm32f207xx.o(.text)
    CAN2_SCE_IRQHandler                      0x08000283   Thumb Code     0  startup_stm32f207xx.o(.text)
    CAN2_TX_IRQHandler                       0x08000283   Thumb Code     0  startup_stm32f207xx.o(.text)
    DCMI_IRQHandler                          0x08000283   Thumb Code     0  startup_stm32f207xx.o(.text)
    DMA1_Stream0_IRQHandler                  0x08000283   Thumb Code     0  startup_stm32f207xx.o(.text)
    DMA1_Stream1_IRQHandler                  0x08000283   Thumb Code     0  startup_stm32f207xx.o(.text)
    DMA1_Stream2_IRQHandler                  0x08000283   Thumb Code     0  startup_stm32f207xx.o(.text)
    DMA1_Stream3_IRQHandler                  0x08000283   Thumb Code     0  startup_stm32f207xx.o(.text)
    DMA1_Stream4_IRQHandler                  0x08000283   Thumb Code     0  startup_stm32f207xx.o(.text)
    DMA1_Stream5_IRQHandler                  0x08000283   Thumb Code     0  startup_stm32f207xx.o(.text)
    DMA1_Stream6_IRQHandler                  0x08000283   Thumb Code     0  startup_stm32f207xx.o(.text)
    DMA1_Stream7_IRQHandler                  0x08000283   Thumb Code     0  startup_stm32f207xx.o(.text)
    DMA2_Stream0_IRQHandler                  0x08000283   Thumb Code     0  startup_stm32f207xx.o(.text)
    DMA2_Stream1_IRQHandler                  0x08000283   Thumb Code     0  startup_stm32f207xx.o(.text)
    DMA2_Stream2_IRQHandler                  0x08000283   Thumb Code     0  startup_stm32f207xx.o(.text)
    DMA2_Stream3_IRQHandler                  0x08000283   Thumb Code     0  startup_stm32f207xx.o(.text)
    DMA2_Stream4_IRQHandler                  0x08000283   Thumb Code     0  startup_stm32f207xx.o(.text)
    DMA2_Stream5_IRQHandler                  0x08000283   Thumb Code     0  startup_stm32f207xx.o(.text)
    DMA2_Stream6_IRQHandler                  0x08000283   Thumb Code     0  startup_stm32f207xx.o(.text)
    DMA2_Stream7_IRQHandler                  0x08000283   Thumb Code     0  startup_stm32f207xx.o(.text)
    ETH_IRQHandler                           0x08000283   Thumb Code     0  startup_stm32f207xx.o(.text)
    ETH_WKUP_IRQHandler                      0x08000283   Thumb Code     0  startup_stm32f207xx.o(.text)
    EXTI0_IRQHandler                         0x08000283   Thumb Code     0  startup_stm32f207xx.o(.text)
    EXTI1_IRQHandler                         0x08000283   Thumb Code     0  startup_stm32f207xx.o(.text)
    EXTI2_IRQHandler                         0x08000283   Thumb Code     0  startup_stm32f207xx.o(.text)
    EXTI3_IRQHandler                         0x08000283   Thumb Code     0  startup_stm32f207xx.o(.text)
    EXTI4_IRQHandler                         0x08000283   Thumb Code     0  startup_stm32f207xx.o(.text)
    EXTI9_5_IRQHandler                       0x08000283   Thumb Code     0  startup_stm32f207xx.o(.text)
    FLASH_IRQHandler                         0x08000283   Thumb Code     0  startup_stm32f207xx.o(.text)
    FSMC_IRQHandler                          0x08000283   Thumb Code     0  startup_stm32f207xx.o(.text)
    HASH_RNG_IRQHandler                      0x08000283   Thumb Code     0  startup_stm32f207xx.o(.text)
    I2C2_ER_IRQHandler                       0x08000283   Thumb Code     0  startup_stm32f207xx.o(.text)
    I2C2_EV_IRQHandler                       0x08000283   Thumb Code     0  startup_stm32f207xx.o(.text)
    I2C3_ER_IRQHandler                       0x08000283   Thumb Code     0  startup_stm32f207xx.o(.text)
    I2C3_EV_IRQHandler                       0x08000283   Thumb Code     0  startup_stm32f207xx.o(.text)
    OTG_FS_IRQHandler                        0x08000283   Thumb Code     0  startup_stm32f207xx.o(.text)
    OTG_FS_WKUP_IRQHandler                   0x08000283   Thumb Code     0  startup_stm32f207xx.o(.text)
    OTG_HS_EP1_IN_IRQHandler                 0x08000283   Thumb Code     0  startup_stm32f207xx.o(.text)
    OTG_HS_EP1_OUT_IRQHandler                0x08000283   Thumb Code     0  startup_stm32f207xx.o(.text)
    OTG_HS_IRQHandler                        0x08000283   Thumb Code     0  startup_stm32f207xx.o(.text)
    OTG_HS_WKUP_IRQHandler                   0x08000283   Thumb Code     0  startup_stm32f207xx.o(.text)
    PVD_IRQHandler                           0x08000283   Thumb Code     0  startup_stm32f207xx.o(.text)
    RCC_IRQHandler                           0x08000283   Thumb Code     0  startup_stm32f207xx.o(.text)
    RTC_Alarm_IRQHandler                     0x08000283   Thumb Code     0  startup_stm32f207xx.o(.text)
    RTC_WKUP_IRQHandler                      0x08000283   Thumb Code     0  startup_stm32f207xx.o(.text)
    SDIO_IRQHandler                          0x08000283   Thumb Code     0  startup_stm32f207xx.o(.text)
    SPI1_IRQHandler                          0x08000283   Thumb Code     0  startup_stm32f207xx.o(.text)
    SPI2_IRQHandler                          0x08000283   Thumb Code     0  startup_stm32f207xx.o(.text)
    SPI3_IRQHandler                          0x08000283   Thumb Code     0  startup_stm32f207xx.o(.text)
    TAMP_STAMP_IRQHandler                    0x08000283   Thumb Code     0  startup_stm32f207xx.o(.text)
    TIM1_BRK_TIM9_IRQHandler                 0x08000283   Thumb Code     0  startup_stm32f207xx.o(.text)
    TIM1_CC_IRQHandler                       0x08000283   Thumb Code     0  startup_stm32f207xx.o(.text)
    TIM1_TRG_COM_TIM11_IRQHandler            0x08000283   Thumb Code     0  startup_stm32f207xx.o(.text)
    TIM1_UP_TIM10_IRQHandler                 0x08000283   Thumb Code     0  startup_stm32f207xx.o(.text)
    TIM2_IRQHandler                          0x08000283   Thumb Code     0  startup_stm32f207xx.o(.text)
    TIM3_IRQHandler                          0x08000283   Thumb Code     0  startup_stm32f207xx.o(.text)
    TIM4_IRQHandler                          0x08000283   Thumb Code     0  startup_stm32f207xx.o(.text)
    TIM5_IRQHandler                          0x08000283   Thumb Code     0  startup_stm32f207xx.o(.text)
    TIM6_DAC_IRQHandler                      0x08000283   Thumb Code     0  startup_stm32f207xx.o(.text)
    TIM7_IRQHandler                          0x08000283   Thumb Code     0  startup_stm32f207xx.o(.text)
    TIM8_BRK_TIM12_IRQHandler                0x08000283   Thumb Code     0  startup_stm32f207xx.o(.text)
    TIM8_CC_IRQHandler                       0x08000283   Thumb Code     0  startup_stm32f207xx.o(.text)
    TIM8_TRG_COM_TIM14_IRQHandler            0x08000283   Thumb Code     0  startup_stm32f207xx.o(.text)
    TIM8_UP_TIM13_IRQHandler                 0x08000283   Thumb Code     0  startup_stm32f207xx.o(.text)
    UART4_IRQHandler                         0x08000283   Thumb Code     0  startup_stm32f207xx.o(.text)
    UART5_IRQHandler                         0x08000283   Thumb Code     0  startup_stm32f207xx.o(.text)
    USART1_IRQHandler                        0x08000283   Thumb Code     0  startup_stm32f207xx.o(.text)
    USART2_IRQHandler                        0x08000283   Thumb Code     0  startup_stm32f207xx.o(.text)
    USART3_IRQHandler                        0x08000283   Thumb Code     0  startup_stm32f207xx.o(.text)
    USART6_IRQHandler                        0x08000283   Thumb Code     0  startup_stm32f207xx.o(.text)
    WWDG_IRQHandler                          0x08000283   Thumb Code     0  startup_stm32f207xx.o(.text)
    __user_initial_stackheap                 0x08000285   Thumb Code     0  startup_stm32f207xx.o(.text)
    SVC_Handler                              0x080002a9   Thumb Code   108  irq_cm3.o(.text)
    PendSV_Handler                           0x08000315   Thumb Code    16  irq_cm3.o(.text)
    SysTick_Handler                          0x08000325   Thumb Code    16  irq_cm3.o(.text)
    __aeabi_memcpy                           0x0800033d   Thumb Code     0  rt_memcpy_v6.o(.text)
    __rt_memcpy                              0x0800033d   Thumb Code   138  rt_memcpy_v6.o(.text)
    _memcpy_lastbytes                        0x080003a3   Thumb Code     0  rt_memcpy_v6.o(.text)
    __aeabi_memclr                           0x080003c7   Thumb Code     0  rt_memclr.o(.text)
    __rt_memclr                              0x080003c7   Thumb Code    68  rt_memclr.o(.text)
    _memset                                  0x080003cb   Thumb Code     0  rt_memclr.o(.text)
    __aeabi_memclr4                          0x0800040b   Thumb Code     0  rt_memclr_w.o(.text)
    __aeabi_memclr8                          0x0800040b   Thumb Code     0  rt_memclr_w.o(.text)
    __rt_memclr_w                            0x0800040b   Thumb Code    78  rt_memclr_w.o(.text)
    _memset_w                                0x0800040f   Thumb Code     0  rt_memclr_w.o(.text)
    __use_two_region_memory                  0x08000459   Thumb Code     2  heapauxi.o(.text)
    __rt_heap_escrow$2region                 0x0800045b   Thumb Code     2  heapauxi.o(.text)
    __rt_heap_expand$2region                 0x0800045d   Thumb Code     2  heapauxi.o(.text)
    __aeabi_memcpy4                          0x0800045f   Thumb Code     0  rt_memcpy_w.o(.text)
    __aeabi_memcpy8                          0x0800045f   Thumb Code     0  rt_memcpy_w.o(.text)
    __rt_memcpy_w                            0x0800045f   Thumb Code   100  rt_memcpy_w.o(.text)
    _memcpy_lastbytes_aligned                0x080004a7   Thumb Code     0  rt_memcpy_w.o(.text)
    __user_setup_stackheap                   0x080004c3   Thumb Code    74  sys_stackheap_outer.o(.text)
    exit                                     0x0800050d   Thumb Code    18  exit.o(.text)
    __user_libspace                          0x08000521   Thumb Code     8  libspace.o(.text)
    __user_perproc_libspace                  0x08000521   Thumb Code     0  libspace.o(.text)
    _sys_exit                                0x08000529   Thumb Code     8  sys_exit.o(.text)
    __I$use$semihosting                      0x08000535   Thumb Code     0  use_no_semi.o(.text)
    __use_no_semihosting_swi                 0x08000535   Thumb Code     2  use_no_semi.o(.text)
    __semihosting_library_function           0x08000537   Thumb Code     0  indicate_semi.o(.text)
    OS_Tick_AcknowledgeIRQ                   0x080005f9   Thumb Code    12  os_systick.o(.text.OS_Tick_AcknowledgeIRQ)
    OS_Tick_Enable                           0x08000605   Thumb Code    44  os_systick.o(.text.OS_Tick_Enable)
    OS_Tick_GetIRQn                          0x08000631   Thumb Code     6  os_systick.o(.text.OS_Tick_GetIRQn)
    OS_Tick_Setup                            0x08000639   Thumb Code    64  os_systick.o(.text.OS_Tick_Setup)
    osDelay                                  0x08000735   Thumb Code    36  rtx_delay.o(.text.osDelay)
    osKernelGetState                         0x08000759   Thumb Code    48  rtx_kernel.o(.text.osKernelGetState)
    osKernelGetTickCount                     0x08000789   Thumb Code    40  rtx_kernel.o(.text.osKernelGetTickCount)
    osKernelGetTickFreq                      0x080007b1   Thumb Code    40  rtx_kernel.o(.text.osKernelGetTickFreq)
    osKernelInitialize                       0x080007d9   Thumb Code    44  rtx_kernel.o(.text.osKernelInitialize)
    osKernelStart                            0x08000805   Thumb Code    36  rtx_kernel.o(.text.osKernelStart)
    osMessageQueueGet                        0x08000829   Thumb Code   108  rtx_msgqueue.o(.text.osMessageQueueGet)
    osMessageQueueNew                        0x08000895   Thumb Code    36  rtx_msgqueue.o(.text.osMessageQueueNew)
    osMessageQueuePut                        0x080008b9   Thumb Code   120  rtx_msgqueue.o(.text.osMessageQueuePut)
    osMutexAcquire                           0x08000931   Thumb Code    36  rtx_mutex.o(.text.osMutexAcquire)
    osMutexDelete                            0x08000955   Thumb Code    36  rtx_mutex.o(.text.osMutexDelete)
    osMutexNew                               0x08000979   Thumb Code    36  rtx_mutex.o(.text.osMutexNew)
    osMutexRelease                           0x0800099d   Thumb Code    36  rtx_mutex.o(.text.osMutexRelease)
    osRtxKernelPreInit                       0x080009c1   Thumb Code     2  rtx_kernel.o(.text.osRtxKernelPreInit)
    osRtxMemoryAlloc                         0x080009c3   Thumb Code   128  rtx_memory.o(.text.osRtxMemoryAlloc)
    osRtxMemoryFree                          0x08000a43   Thumb Code    82  rtx_memory.o(.text.osRtxMemoryFree)
    osRtxMemoryInit                          0x08000a95   Thumb Code    54  rtx_memory.o(.text.osRtxMemoryInit)
    osRtxMemoryPoolAlloc                     0x08000acb   Thumb Code    58  rtx_mempool.o(.text.osRtxMemoryPoolAlloc)
    osRtxMemoryPoolFree                      0x08000b05   Thumb Code    74  rtx_mempool.o(.text.osRtxMemoryPoolFree)
    osRtxMemoryPoolInit                      0x08000b4f   Thumb Code    70  rtx_mempool.o(.text.osRtxMemoryPoolInit)
    osRtxMutexOwnerRelease                   0x08000c4f   Thumb Code    74  rtx_mutex.o(.text.osRtxMutexOwnerRelease)
    osRtxPendSV_Handler                      0x08000c99   Thumb Code   144  rtx_system.o(.text.osRtxPendSV_Handler)
    osRtxPostProcess                         0x08000d29   Thumb Code   116  rtx_system.o(.text.osRtxPostProcess)
    osRtxThreadDelayTick                     0x08000ed1   Thumb Code    52  rtx_thread.o(.text.osRtxThreadDelayTick)
    osRtxThreadDispatch                      0x08000f05   Thumb Code    92  rtx_thread.o(.text.osRtxThreadDispatch)
    osRtxThreadListGet                       0x08000fb9   Thumb Code    20  rtx_thread.o(.text.osRtxThreadListGet)
    osRtxThreadListPut                       0x08000fcd   Thumb Code    42  rtx_thread.o(.text.osRtxThreadListPut)
    osRtxThreadListRemove                    0x08000ff7   Thumb Code    20  rtx_thread.o(.text.osRtxThreadListRemove)
    osRtxThreadListSort                      0x0800100b   Thumb Code    40  rtx_thread.o(.text.osRtxThreadListSort)
    osRtxThreadReadyPut                      0x0800105d   Thumb Code    20  rtx_thread.o(.text.osRtxThreadReadyPut)
    osRtxThreadRegPtr                        0x08001071   Thumb Code     6  rtx_thread.o(.text.osRtxThreadRegPtr)
    osRtxThreadStartup                       0x08001079   Thumb Code    64  rtx_thread.o(.text.osRtxThreadStartup)
    osRtxThreadSwitch                        0x080010b9   Thumb Code    16  rtx_thread.o(.text.osRtxThreadSwitch)
    osRtxThreadWaitEnter                     0x080010c9   Thumb Code    60  rtx_thread.o(.text.osRtxThreadWaitEnter)
    osRtxThreadWaitExit                      0x08001105   Thumb Code    36  rtx_thread.o(.text.osRtxThreadWaitExit)
    osRtxTick_Handler                        0x08001129   Thumb Code   112  rtx_system.o(.text.osRtxTick_Handler)
    osRtxTimerThread                         0x08001199   Thumb Code    60  rtx_timer.o(.text.osRtxTimerThread)
    osSemaphoreNew                           0x0800122d   Thumb Code    36  rtx_semaphore.o(.text.osSemaphoreNew)
    osThreadExit                             0x08001251   Thumb Code    12  rtx_thread.o(.text.osThreadExit)
    osThreadNew                              0x0800125d   Thumb Code    36  rtx_thread.o(.text.osThreadNew)
    osThreadSetPriority                      0x08001281   Thumb Code    36  rtx_thread.o(.text.osThreadSetPriority)
    Buttons_Initialize                       0x08001d1d   Thumb Code   160  buttons_mcbstm32f200.o(i.Buttons_Initialize)
    EXTI15_10_IRQHandler                     0x08001e2d   Thumb Code    54  main.o(i.EXTI15_10_IRQHandler)
    FSMC_NORSRAM_Extended_Timing_Init        0x08001ff5   Thumb Code    66  stm32f2xx_ll_fsmc.o(i.FSMC_NORSRAM_Extended_Timing_Init)
    FSMC_NORSRAM_Init                        0x0800203d   Thumb Code    84  stm32f2xx_ll_fsmc.o(i.FSMC_NORSRAM_Init)
    FSMC_NORSRAM_Timing_Init                 0x08002095   Thumb Code    68  stm32f2xx_ll_fsmc.o(i.FSMC_NORSRAM_Timing_Init)
    GLCD_ClearScreen                         0x080020d9   Thumb Code    54  glcd_mcbstm32f200.o(i.GLCD_ClearScreen)
    GLCD_DrawChar                            0x08002115   Thumb Code   194  glcd_mcbstm32f200.o(i.GLCD_DrawChar)
    GLCD_Initialize                          0x080021e5   Thumb Code  1838  glcd_mcbstm32f200.o(i.GLCD_Initialize)
    GLCD_SetBackgroundColor                  0x08002919   Thumb Code    10  glcd_mcbstm32f200.o(i.GLCD_SetBackgroundColor)
    GLCD_SetFont                             0x08002929   Thumb Code    10  glcd_mcbstm32f200.o(i.GLCD_SetFont)
    GLCD_SetForegroundColor                  0x08002939   Thumb Code    10  glcd_mcbstm32f200.o(i.GLCD_SetForegroundColor)
    HAL_DMA_Abort                            0x080029f5   Thumb Code    94  stm32f2xx_hal_dma.o(i.HAL_DMA_Abort)
    HAL_DMA_Init                             0x08002a55   Thumb Code   128  stm32f2xx_hal_dma.o(i.HAL_DMA_Init)
    HAL_DMA_Start_IT                         0x08002ad9   Thumb Code   106  stm32f2xx_hal_dma.o(i.HAL_DMA_Start_IT)
    HAL_Delay                                0x08002b43   Thumb Code    26  stm32f2xx_hal.o(i.HAL_Delay)
    HAL_GPIO_DeInit                          0x08002b5d   Thumb Code   326  stm32f2xx_hal_gpio.o(i.HAL_GPIO_DeInit)
    HAL_GPIO_Init                            0x08002cd1   Thumb Code   476  stm32f2xx_hal_gpio.o(i.HAL_GPIO_Init)
    HAL_GPIO_ReadPin                         0x08002edd   Thumb Code    16  stm32f2xx_hal_gpio.o(i.HAL_GPIO_ReadPin)
    HAL_GPIO_WritePin                        0x08002eed   Thumb Code    12  stm32f2xx_hal_gpio.o(i.HAL_GPIO_WritePin)
    HAL_GetTick                              0x08002ef9   Thumb Code     8  main.o(i.HAL_GetTick)
    HAL_Init                                 0x08002f01   Thumb Code    54  stm32f2xx_hal.o(i.HAL_Init)
    HAL_InitTick                             0x08002f3d   Thumb Code    36  stm32f2xx_hal.o(i.HAL_InitTick)
    HAL_MspInit                              0x08002f61   Thumb Code     2  stm32f2xx_hal.o(i.HAL_MspInit)
    HAL_NVIC_ClearPendingIRQ                 0x08002f65   Thumb Code    30  stm32f2xx_hal_cortex.o(i.HAL_NVIC_ClearPendingIRQ)
    HAL_NVIC_DisableIRQ                      0x08002f89   Thumb Code    62  stm32f2xx_hal_cortex.o(i.HAL_NVIC_DisableIRQ)
    HAL_NVIC_EnableIRQ                       0x08002fcd   Thumb Code    40  stm32f2xx_hal_cortex.o(i.HAL_NVIC_EnableIRQ)
    HAL_NVIC_SetPriority                     0x08002ff5   Thumb Code   124  stm32f2xx_hal_cortex.o(i.HAL_NVIC_SetPriority)
    HAL_NVIC_SetPriorityGrouping             0x08003071   Thumb Code    32  stm32f2xx_hal_cortex.o(i.HAL_NVIC_SetPriorityGrouping)
    HAL_RCC_GetHCLKFreq                      0x08003099   Thumb Code    42  stm32f2xx_hal_rcc.o(i.HAL_RCC_GetHCLKFreq)
    HAL_RCC_GetPCLK1Freq                     0x080030d1   Thumb Code    36  stm32f2xx_hal_rcc.o(i.HAL_RCC_GetPCLK1Freq)
    HAL_RCC_GetSysClockFreq                  0x080030fd   Thumb Code   168  stm32f2xx_hal_rcc.o(i.HAL_RCC_GetSysClockFreq)
    HAL_SRAM_Init                            0x080031b1   Thumb Code    88  stm32f2xx_hal_sram.o(i.HAL_SRAM_Init)
    HAL_SRAM_MspInit                         0x08003209   Thumb Code     2  stm32f2xx_hal_sram.o(i.HAL_SRAM_MspInit)
    HAL_SYSTICK_Config                       0x0800320b   Thumb Code    52  stm32f2xx_hal_cortex.o(i.HAL_SYSTICK_Config)
    I2C1_ER_IRQHandler                       0x08003259   Thumb Code    10  i2c_stm32f2xx.o(i.I2C1_ER_IRQHandler)
    I2C1_EV_IRQHandler                       0x08003269   Thumb Code    10  i2c_stm32f2xx.o(i.I2C1_EV_IRQHandler)
    Init_thdDisplayTime                      0x08004519   Thumb Code    32  displaytime.o(i.Init_thdDisplayTime)
    LED_Initialize                           0x08004541   Thumb Code   178  led_mcbstm32f200.o(i.LED_Initialize)
    SystemCoreClockUpdate                    0x08004605   Thumb Code   170  system_stm32f2xx.o(i.SystemCoreClockUpdate)
    SystemInit                               0x080046c5   Thumb Code    68  system_stm32f2xx.o(i.SystemInit)
    _mutex_acquire                           0x08004751   Thumb Code    22  rtx_lib.o(i._mutex_acquire)
    _mutex_free                              0x08004767   Thumb Code    12  rtx_lib.o(i._mutex_free)
    _mutex_initialize                        0x08004773   Thumb Code    34  rtx_lib.o(i._mutex_initialize)
    _mutex_release                           0x08004795   Thumb Code    18  rtx_lib.o(i._mutex_release)
    _platform_post_stackheap_init            0x080047a7   Thumb Code     8  rtx_lib.o(i._platform_post_stackheap_init)
    app_hw_init                              0x080047b1   Thumb Code    48  main.o(i.app_hw_init)
    main                                     0x080047e9   Thumb Code   266  main.o(i.main)
    osRtxErrorNotify                         0x08004925   Thumb Code    32  rtx_config.o(i.osRtxErrorNotify)
    osRtxIdleThread                          0x08004945   Thumb Code     4  rtx_config.o(i.osRtxIdleThread)
    osRtxThreadStackCheck                    0x08004949   Thumb Code     2  rtx_lib.o(i.osRtxThreadStackCheck)
    thdDisplayTime                           0x0800496d   Thumb Code   258  displaytime.o(i.thdDisplayTime)
    GLCD_Font_6x8                            0x08006334   Data          16  glcd_fonts.o(.constdata)
    GLCD_Font_16x24                          0x08006344   Data          16  glcd_fonts.o(.constdata)
    osRtxUserSVC                             0x080063b4   Data           4  rtx_lib.o(.constdata)
    Driver_I2C1                              0x080063f0   Data          48  i2c_stm32f2xx.o(.constdata)
    APBAHBPrescTable                         0x08006428   Data          16  stm32f2xx_hal_rcc.o(.constdata)
    AHBPrescTable                            0x08006438   Data          16  system_stm32f2xx.o(.constdata)
    irqRtxLib                                0x08006448   Data           1  irq_cm3.o(.constdata)
    osRtxConfig                              0x0800644c   Data         104  rtx_lib.o(.rodata)
    os_cb_sections                           0x080064b4   Data          56  rtx_lib.o(.rodata)
    Region$$Table$$Base                      0x080064f8   Number         0  anon$$obj.o(Region$$Table)
    Region$$Table$$Limit                     0x08006518   Number         0  anon$$obj.o(Region$$Table)
    .bss.os.msgqueue.cb$$Base                0x20001040   Number         0  rtx_lib.o(.bss.os.msgqueue.cb)
    .bss.os.msgqueue.cb$$Limit               0x20001074   Number         0  rtx_lib.o(.bss.os.msgqueue.cb)
    .bss.os.mutex.cb$$Base                   0x200010c4   Number         0  rtx_lib.o(.bss.os.mutex.cb)
    .bss.os.mutex.cb$$Limit                  0x20001118   Number         0  rtx_lib.o(.bss.os.mutex.cb)
    .bss.os.semaphore.cb$$Base               0x20001118   Number         0  rtx_lib.o(.bss.os.semaphore.cb)
    .bss.os.semaphore.cb$$Limit              0x20001128   Number         0  rtx_lib.o(.bss.os.semaphore.cb)
    .bss.os.thread.cb$$Base                  0x20001128   Number         0  rtx_lib.o(.bss.os.thread.cb)
    .bss.os.thread.cb$$Limit                 0x2000127c   Number         0  rtx_lib.o(.bss.os.thread.cb)
    hour                                     0x20001410   Data           4  main.o(.data)
    minute                                   0x20001414   Data           4  main.o(.data)
    second                                   0x20001418   Data           4  main.o(.data)
    mutHour                                  0x2000141c   Data           4  main.o(.data)
    mutMinute                                0x20001420   Data           4  main.o(.data)
    mutSecond                                0x20001424   Data           4  main.o(.data)
    semDisplayTime                           0x20001428   Data           4  main.o(.data)
    semSecond                                0x2000142c   Data           4  main.o(.data)
    semMinute                                0x20001430   Data           4  main.o(.data)
    semHour                                  0x20001434   Data           4  main.o(.data)
    tid_thdDisplayTime                       0x2000143c   Data           4  displaytime.o(.data)
    irqRtxLibRef                             0x2000144c   Data           4  rtx_lib.o(.data)
    SystemCoreClock                          0x20001454   Data           4  system_stm32f2xx.o(.data)
    osRtxInfo                                0x20001458   Data         164  rtx_kernel.o(.data.os)
    __libspace_start                         0x200015a4   Data          96  libspace.o(.bss)
    __temporary_stack_top$libspace           0x20001604   Data           0  libspace.o(.bss)



==============================================================================

Memory Map of the image

  Image Entry point : 0x08000269

  Load Region LR_1 (Base: 0x08000000, Size: 0x00007a5c, Max: 0xffffffff, ABSOLUTE, COMPRESSED[0x00006578])

    Execution Region ER_RO (Exec base: 0x08000000, Load base: 0x08000000, Size: 0x00006518, Max: 0xffffffff, ABSOLUTE)

    Exec Addr    Load Addr    Size         Type   Attr      Idx    E Section Name        Object

    0x08000000   0x08000000   0x00000184   Data   RO         2655    RESET               startup_stm32f207xx.o
    0x08000184   0x08000184   0x00000008   Code   RO         3206  * !!!main             c_w.l(__main.o)
    0x0800018c   0x0800018c   0x00000034   Code   RO         3365    !!!scatter          c_w.l(__scatter.o)
    0x080001c0   0x080001c0   0x0000005a   Code   RO         3363    !!dczerorl2         c_w.l(__dczerorl2.o)
    0x0800021a   0x0800021a   0x00000002   PAD
    0x0800021c   0x0800021c   0x0000001c   Code   RO         3367    !!handler_zi        c_w.l(__scatter_zi.o)
    0x08000238   0x08000238   0x00000002   Code   RO         3233    .ARM.Collect$$libinit$$00000000  c_w.l(libinit.o)
    0x0800023a   0x0800023a   0x00000000   Code   RO         3240    .ARM.Collect$$libinit$$00000002  c_w.l(libinit2.o)
    0x0800023a   0x0800023a   0x00000000   Code   RO         3242    .ARM.Collect$$libinit$$00000004  c_w.l(libinit2.o)
    0x0800023a   0x0800023a   0x00000000   Code   RO         3245    .ARM.Collect$$libinit$$0000000A  c_w.l(libinit2.o)
    0x0800023a   0x0800023a   0x00000000   Code   RO         3247    .ARM.Collect$$libinit$$0000000C  c_w.l(libinit2.o)
    0x0800023a   0x0800023a   0x00000000   Code   RO         3249    .ARM.Collect$$libinit$$0000000E  c_w.l(libinit2.o)
    0x0800023a   0x0800023a   0x00000000   Code   RO         3252    .ARM.Collect$$libinit$$00000011  c_w.l(libinit2.o)
    0x0800023a   0x0800023a   0x00000000   Code   RO         3254    .ARM.Collect$$libinit$$00000013  c_w.l(libinit2.o)
    0x0800023a   0x0800023a   0x00000000   Code   RO         3256    .ARM.Collect$$libinit$$00000015  c_w.l(libinit2.o)
    0x0800023a   0x0800023a   0x00000000   Code   RO         3258    .ARM.Collect$$libinit$$00000017  c_w.l(libinit2.o)
    0x0800023a   0x0800023a   0x00000000   Code   RO         3260    .ARM.Collect$$libinit$$00000019  c_w.l(libinit2.o)
    0x0800023a   0x0800023a   0x00000000   Code   RO         3262    .ARM.Collect$$libinit$$0000001B  c_w.l(libinit2.o)
    0x0800023a   0x0800023a   0x00000000   Code   RO         3264    .ARM.Collect$$libinit$$0000001D  c_w.l(libinit2.o)
    0x0800023a   0x0800023a   0x00000000   Code   RO         3266    .ARM.Collect$$libinit$$0000001F  c_w.l(libinit2.o)
    0x0800023a   0x0800023a   0x00000000   Code   RO         3268    .ARM.Collect$$libinit$$00000021  c_w.l(libinit2.o)
    0x0800023a   0x0800023a   0x00000000   Code   RO         3270    .ARM.Collect$$libinit$$00000023  c_w.l(libinit2.o)
    0x0800023a   0x0800023a   0x00000000   Code   RO         3272    .ARM.Collect$$libinit$$00000025  c_w.l(libinit2.o)
    0x0800023a   0x0800023a   0x00000000   Code   RO         3276    .ARM.Collect$$libinit$$0000002C  c_w.l(libinit2.o)
    0x0800023a   0x0800023a   0x00000000   Code   RO         3278    .ARM.Collect$$libinit$$0000002E  c_w.l(libinit2.o)
    0x0800023a   0x0800023a   0x00000000   Code   RO         3280    .ARM.Collect$$libinit$$00000030  c_w.l(libinit2.o)
    0x0800023a   0x0800023a   0x00000000   Code   RO         3282    .ARM.Collect$$libinit$$00000032  c_w.l(libinit2.o)
    0x0800023a   0x0800023a   0x00000002   Code   RO         3283    .ARM.Collect$$libinit$$00000033  c_w.l(libinit2.o)
    0x0800023c   0x0800023c   0x00000002   Code   RO         3303    .ARM.Collect$$libshutdown$$00000000  c_w.l(libshutdown.o)
    0x0800023e   0x0800023e   0x00000000   Code   RO         3316    .ARM.Collect$$libshutdown$$00000002  c_w.l(libshutdown2.o)
    0x0800023e   0x0800023e   0x00000000   Code   RO         3318    .ARM.Collect$$libshutdown$$00000004  c_w.l(libshutdown2.o)
    0x0800023e   0x0800023e   0x00000000   Code   RO         3321    .ARM.Collect$$libshutdown$$00000007  c_w.l(libshutdown2.o)
    0x0800023e   0x0800023e   0x00000000   Code   RO         3324    .ARM.Collect$$libshutdown$$0000000A  c_w.l(libshutdown2.o)
    0x0800023e   0x0800023e   0x00000000   Code   RO         3326    .ARM.Collect$$libshutdown$$0000000C  c_w.l(libshutdown2.o)
    0x0800023e   0x0800023e   0x00000000   Code   RO         3329    .ARM.Collect$$libshutdown$$0000000F  c_w.l(libshutdown2.o)
    0x0800023e   0x0800023e   0x00000002   Code   RO         3330    .ARM.Collect$$libshutdown$$00000010  c_w.l(libshutdown2.o)
    0x08000240   0x08000240   0x00000000   Code   RO         3208    .ARM.Collect$$rtentry$$00000000  c_w.l(__rtentry.o)
    0x08000240   0x08000240   0x00000000   Code   RO         3212    .ARM.Collect$$rtentry$$00000002  c_w.l(__rtentry2.o)
    0x08000240   0x08000240   0x00000006   Code   RO         3224    .ARM.Collect$$rtentry$$00000004  c_w.l(__rtentry4.o)
    0x08000246   0x08000246   0x00000008   Code   RO         3213    .ARM.Collect$$rtentry$$00000008  c_w.l(__rtentry2.o)
    0x0800024e   0x0800024e   0x00000004   Code   RO         3215    .ARM.Collect$$rtentry$$0000000A  c_w.l(__rtentry2.o)
    0x08000252   0x08000252   0x00000000   Code   RO         3217    .ARM.Collect$$rtentry$$0000000C  c_w.l(__rtentry2.o)
    0x08000252   0x08000252   0x00000008   Code   RO         3218    .ARM.Collect$$rtentry$$0000000D  c_w.l(__rtentry2.o)
    0x0800025a   0x0800025a   0x00000002   Code   RO         3237    .ARM.Collect$$rtexit$$00000000  c_w.l(rtexit.o)
    0x0800025c   0x0800025c   0x00000000   Code   RO         3285    .ARM.Collect$$rtexit$$00000002  c_w.l(rtexit2.o)
    0x0800025c   0x0800025c   0x00000004   Code   RO         3286    .ARM.Collect$$rtexit$$00000003  c_w.l(rtexit2.o)
    0x08000260   0x08000260   0x00000006   Code   RO         3287    .ARM.Collect$$rtexit$$00000004  c_w.l(rtexit2.o)
    0x08000266   0x08000266   0x00000002   PAD
    0x08000268   0x08000268   0x00000040   Code   RO         2656  * .text               startup_stm32f207xx.o
    0x080002a8   0x080002a8   0x00000094   Code   RO         2983    .text               RTX_CM3.lib(irq_cm3.o)
    0x0800033c   0x0800033c   0x0000008a   Code   RO         3198    .text               c_w.l(rt_memcpy_v6.o)
    0x080003c6   0x080003c6   0x00000044   Code   RO         3200    .text               c_w.l(rt_memclr.o)
    0x0800040a   0x0800040a   0x0000004e   Code   RO         3202    .text               c_w.l(rt_memclr_w.o)
    0x08000458   0x08000458   0x00000006   Code   RO         3204    .text               c_w.l(heapauxi.o)
    0x0800045e   0x0800045e   0x00000064   Code   RO         3209    .text               c_w.l(rt_memcpy_w.o)
    0x080004c2   0x080004c2   0x0000004a   Code   RO         3226    .text               c_w.l(sys_stackheap_outer.o)
    0x0800050c   0x0800050c   0x00000012   Code   RO         3228    .text               c_w.l(exit.o)
    0x0800051e   0x0800051e   0x00000002   PAD
    0x08000520   0x08000520   0x00000008   Code   RO         3234    .text               c_w.l(libspace.o)
    0x08000528   0x08000528   0x0000000c   Code   RO         3295    .text               c_w.l(sys_exit.o)
    0x08000534   0x08000534   0x00000002   Code   RO         3306    .text               c_w.l(use_no_semi.o)
    0x08000536   0x08000536   0x00000000   Code   RO         3308    .text               c_w.l(indicate_semi.o)
    0x08000536   0x08000536   0x00000044   Code   RO         3180    .text.MessageQueueGet  RTX_CM3.lib(rtx_msgqueue.o)
    0x0800057a   0x0800057a   0x00000062   Code   RO         3174    .text.MessageQueuePut  RTX_CM3.lib(rtx_msgqueue.o)
    0x080005dc   0x080005dc   0x0000001c   Code   RO         3172    .text.MessageQueueRemove  RTX_CM3.lib(rtx_msgqueue.o)
    0x080005f8   0x080005f8   0x0000000c   Code   RO         3118    .text.OS_Tick_AcknowledgeIRQ  RTX_CM3.lib(os_systick.o)
    0x08000604   0x08000604   0x0000002c   Code   RO         3114    .text.OS_Tick_Enable  RTX_CM3.lib(os_systick.o)
    0x08000630   0x08000630   0x00000006   Code   RO         3120    .text.OS_Tick_GetIRQn  RTX_CM3.lib(os_systick.o)
    0x08000636   0x08000636   0x00000002   PAD
    0x08000638   0x08000638   0x00000040   Code   RO         3112    .text.OS_Tick_Setup  RTX_CM3.lib(os_systick.o)
    0x08000678   0x08000678   0x0000006a   Code   RO         2843    .text.ThreadFlagsCheck  RTX_CM3.lib(rtx_thread.o)
    0x080006e2   0x080006e2   0x00000002   PAD
    0x080006e4   0x080006e4   0x00000050   Code   RO         3004    .text.TimerInsert   RTX_CM3.lib(rtx_timer.o)
    0x08000734   0x08000734   0x00000024   Code   RO         2896    .text.osDelay       RTX_CM3.lib(rtx_delay.o)
    0x08000758   0x08000758   0x00000030   Code   RO         2706    .text.osKernelGetState  RTX_CM3.lib(rtx_kernel.o)
    0x08000788   0x08000788   0x00000028   Code   RO         2722    .text.osKernelGetTickCount  RTX_CM3.lib(rtx_kernel.o)
    0x080007b0   0x080007b0   0x00000028   Code   RO         2726    .text.osKernelGetTickFreq  RTX_CM3.lib(rtx_kernel.o)
    0x080007d8   0x080007d8   0x0000002c   Code   RO         2700    .text.osKernelInitialize  RTX_CM3.lib(rtx_kernel.o)
    0x08000804   0x08000804   0x00000024   Code   RO         2710    .text.osKernelStart  RTX_CM3.lib(rtx_kernel.o)
    0x08000828   0x08000828   0x0000006c   Code   RO         3146    .text.osMessageQueueGet  RTX_CM3.lib(rtx_msgqueue.o)
    0x08000894   0x08000894   0x00000024   Code   RO         3140    .text.osMessageQueueNew  RTX_CM3.lib(rtx_msgqueue.o)
    0x080008b8   0x080008b8   0x00000078   Code   RO         3144    .text.osMessageQueuePut  RTX_CM3.lib(rtx_msgqueue.o)
    0x08000930   0x08000930   0x00000024   Code   RO         2919    .text.osMutexAcquire  RTX_CM3.lib(rtx_mutex.o)
    0x08000954   0x08000954   0x00000024   Code   RO         2925    .text.osMutexDelete  RTX_CM3.lib(rtx_mutex.o)
    0x08000978   0x08000978   0x00000024   Code   RO         2915    .text.osMutexNew    RTX_CM3.lib(rtx_mutex.o)
    0x0800099c   0x0800099c   0x00000024   Code   RO         2921    .text.osMutexRelease  RTX_CM3.lib(rtx_mutex.o)
    0x080009c0   0x080009c0   0x00000002   Code   RO         2698    .text.osRtxKernelPreInit  RTX_CM3.lib(rtx_kernel.o)
    0x080009c2   0x080009c2   0x00000080   Code   RO         3031    .text.osRtxMemoryAlloc  RTX_CM3.lib(rtx_memory.o)
    0x08000a42   0x08000a42   0x00000052   Code   RO         3033    .text.osRtxMemoryFree  RTX_CM3.lib(rtx_memory.o)
    0x08000a94   0x08000a94   0x00000036   Code   RO         3029    .text.osRtxMemoryInit  RTX_CM3.lib(rtx_memory.o)
    0x08000aca   0x08000aca   0x0000003a   Code   RO         3046    .text.osRtxMemoryPoolAlloc  RTX_CM3.lib(rtx_mempool.o)
    0x08000b04   0x08000b04   0x0000004a   Code   RO         3048    .text.osRtxMemoryPoolFree  RTX_CM3.lib(rtx_mempool.o)
    0x08000b4e   0x08000b4e   0x00000046   Code   RO         3044    .text.osRtxMemoryPoolInit  RTX_CM3.lib(rtx_mempool.o)
    0x08000b94   0x08000b94   0x000000ba   Code   RO         3170    .text.osRtxMessageQueuePostProcess  RTX_CM3.lib(rtx_msgqueue.o)
    0x08000c4e   0x08000c4e   0x0000004a   Code   RO         2913    .text.osRtxMutexOwnerRelease  RTX_CM3.lib(rtx_mutex.o)
    0x08000c98   0x08000c98   0x00000090   Code   RO         3099    .text.osRtxPendSV_Handler  RTX_CM3.lib(rtx_system.o)
    0x08000d28   0x08000d28   0x00000074   Code   RO         3101    .text.osRtxPostProcess  RTX_CM3.lib(rtx_system.o)
    0x08000d9c   0x08000d9c   0x00000036   Code   RO         2964    .text.osRtxSemaphorePostProcess  RTX_CM3.lib(rtx_semaphore.o)
    0x08000dd2   0x08000dd2   0x00000002   PAD
    0x08000dd4   0x08000dd4   0x00000038   Code   RO         2783    .text.osRtxThreadBlock  RTX_CM3.lib(rtx_thread.o)
    0x08000e0c   0x08000e0c   0x00000088   Code   RO         2791    .text.osRtxThreadDelayInsert  RTX_CM3.lib(rtx_thread.o)
    0x08000e94   0x08000e94   0x0000003c   Code   RO         2787    .text.osRtxThreadDelayRemove  RTX_CM3.lib(rtx_thread.o)
    0x08000ed0   0x08000ed0   0x00000034   Code   RO         2773    .text.osRtxThreadDelayTick  RTX_CM3.lib(rtx_thread.o)
    0x08000f04   0x08000f04   0x0000005c   Code   RO         2781    .text.osRtxThreadDispatch  RTX_CM3.lib(rtx_thread.o)
    0x08000f60   0x08000f60   0x00000058   Code   RO         2867    .text.osRtxThreadFree  RTX_CM3.lib(rtx_thread.o)
    0x08000fb8   0x08000fb8   0x00000014   Code   RO         2765    .text.osRtxThreadListGet  RTX_CM3.lib(rtx_thread.o)
    0x08000fcc   0x08000fcc   0x0000002a   Code   RO         2763    .text.osRtxThreadListPut  RTX_CM3.lib(rtx_thread.o)
    0x08000ff6   0x08000ff6   0x00000014   Code   RO         2769    .text.osRtxThreadListRemove  RTX_CM3.lib(rtx_thread.o)
    0x0800100a   0x0800100a   0x00000028   Code   RO         2767    .text.osRtxThreadListSort  RTX_CM3.lib(rtx_thread.o)
    0x08001032   0x08001032   0x0000002a   Code   RO         2841    .text.osRtxThreadPostProcess  RTX_CM3.lib(rtx_thread.o)
    0x0800105c   0x0800105c   0x00000014   Code   RO         2771    .text.osRtxThreadReadyPut  RTX_CM3.lib(rtx_thread.o)
    0x08001070   0x08001070   0x00000006   Code   RO         2775    .text.osRtxThreadRegPtr  RTX_CM3.lib(rtx_thread.o)
    0x08001076   0x08001076   0x00000002   PAD
    0x08001078   0x08001078   0x00000040   Code   RO         2793    .text.osRtxThreadStartup  RTX_CM3.lib(rtx_thread.o)
    0x080010b8   0x080010b8   0x00000010   Code   RO         2777    .text.osRtxThreadSwitch  RTX_CM3.lib(rtx_thread.o)
    0x080010c8   0x080010c8   0x0000003c   Code   RO         2789    .text.osRtxThreadWaitEnter  RTX_CM3.lib(rtx_thread.o)
    0x08001104   0x08001104   0x00000024   Code   RO         2785    .text.osRtxThreadWaitExit  RTX_CM3.lib(rtx_thread.o)
    0x08001128   0x08001128   0x00000070   Code   RO         3097    .text.osRtxTick_Handler  RTX_CM3.lib(rtx_system.o)
    0x08001198   0x08001198   0x0000003c   Code   RO         2988    .text.osRtxTimerThread  RTX_CM3.lib(rtx_timer.o)
    0x080011d4   0x080011d4   0x00000058   Code   RO         2990    .text.osRtxTimerTick  RTX_CM3.lib(rtx_timer.o)
    0x0800122c   0x0800122c   0x00000024   Code   RO         2948    .text.osSemaphoreNew  RTX_CM3.lib(rtx_semaphore.o)
    0x08001250   0x08001250   0x0000000c   Code   RO         2825    .text.osThreadExit  RTX_CM3.lib(rtx_thread.o)
    0x0800125c   0x0800125c   0x00000024   Code   RO         2797    .text.osThreadNew   RTX_CM3.lib(rtx_thread.o)
    0x08001280   0x08001280   0x00000024   Code   RO         2811    .text.osThreadSetPriority  RTX_CM3.lib(rtx_thread.o)
    0x080012a4   0x080012a4   0x00000014   Code   RO         2900    .text.svcRtxDelay   RTX_CM3.lib(rtx_delay.o)
    0x080012b8   0x080012b8   0x0000000c   Code   RO         2708    .text.svcRtxKernelGetState  RTX_CM3.lib(rtx_kernel.o)
    0x080012c4   0x080012c4   0x0000000c   Code   RO         2724    .text.svcRtxKernelGetTickCount  RTX_CM3.lib(rtx_kernel.o)
    0x080012d0   0x080012d0   0x0000000c   Code   RO         2728    .text.svcRtxKernelGetTickFreq  RTX_CM3.lib(rtx_kernel.o)
    0x080012dc   0x080012dc   0x00000154   Code   RO         2738    .text.svcRtxKernelInitialize  RTX_CM3.lib(rtx_kernel.o)
    0x08001430   0x08001430   0x00000088   Code   RO         2740    .text.svcRtxKernelStart  RTX_CM3.lib(rtx_kernel.o)
    0x080014b8   0x080014b8   0x000000e0   Code   RO         3182    .text.svcRtxMessageQueueGet  RTX_CM3.lib(rtx_msgqueue.o)
    0x08001598   0x08001598   0x00000134   Code   RO         3168    .text.svcRtxMessageQueueNew  RTX_CM3.lib(rtx_msgqueue.o)
    0x080016cc   0x080016cc   0x000000c0   Code   RO         3178    .text.svcRtxMessageQueuePut  RTX_CM3.lib(rtx_msgqueue.o)
    0x0800178c   0x0800178c   0x00000090   Code   RO         2931    .text.svcRtxMutexAcquire  RTX_CM3.lib(rtx_mutex.o)
    0x0800181c   0x0800181c   0x000000c4   Code   RO         2937    .text.svcRtxMutexDelete  RTX_CM3.lib(rtx_mutex.o)
    0x080018e0   0x080018e0   0x0000006c   Code   RO         2927    .text.svcRtxMutexNew  RTX_CM3.lib(rtx_mutex.o)
    0x0800194c   0x0800194c   0x000000b8   Code   RO         2933    .text.svcRtxMutexRelease  RTX_CM3.lib(rtx_mutex.o)
    0x08001a04   0x08001a04   0x00000080   Code   RO         2962    .text.svcRtxSemaphoreNew  RTX_CM3.lib(rtx_semaphore.o)
    0x08001a84   0x08001a84   0x00000070   Code   RO         2871    .text.svcRtxThreadExit  RTX_CM3.lib(rtx_thread.o)
    0x08001af4   0x08001af4   0x000001dc   Code   RO         2795    .text.svcRtxThreadNew  RTX_CM3.lib(rtx_thread.o)
    0x08001cd0   0x08001cd0   0x0000004c   Code   RO         2853    .text.svcRtxThreadSetPriority  RTX_CM3.lib(rtx_thread.o)
    0x08001d1c   0x08001d1c   0x000000b0   Code   RO          287    i.Buttons_Initialize  buttons_mcbstm32f200.o
    0x08001dcc   0x08001dcc   0x00000034   Code   RO         1520    i.DMA_CalcBaseAndBitshift  stm32f2xx_hal_dma.o
    0x08001e00   0x08001e00   0x0000002c   Code   RO         1521    i.DMA_SetConfig     stm32f2xx_hal_dma.o
    0x08001e2c   0x08001e2c   0x00000044   Code   RO            4    i.EXTI15_10_IRQHandler  main.o
    0x08001e70   0x08001e70   0x00000184   Code   RO          666    i.Enable_GPIO_Clock  i2c_stm32f2xx.o
    0x08001ff4   0x08001ff4   0x00000048   Code   RO         2538    i.FSMC_NORSRAM_Extended_Timing_Init  stm32f2xx_ll_fsmc.o
    0x0800203c   0x0800203c   0x00000058   Code   RO         2539    i.FSMC_NORSRAM_Init  stm32f2xx_ll_fsmc.o
    0x08002094   0x08002094   0x00000044   Code   RO         2540    i.FSMC_NORSRAM_Timing_Init  stm32f2xx_ll_fsmc.o
    0x080020d8   0x080020d8   0x0000003c   Code   RO          340    i.GLCD_ClearScreen  glcd_mcbstm32f200.o
    0x08002114   0x08002114   0x000000d0   Code   RO          343    i.GLCD_DrawChar     glcd_mcbstm32f200.o
    0x080021e4   0x080021e4   0x00000734   Code   RO          351    i.GLCD_Initialize   glcd_mcbstm32f200.o
    0x08002918   0x08002918   0x00000010   Code   RO          352    i.GLCD_SetBackgroundColor  glcd_mcbstm32f200.o
    0x08002928   0x08002928   0x00000010   Code   RO          353    i.GLCD_SetFont      glcd_mcbstm32f200.o
    0x08002938   0x08002938   0x00000010   Code   RO          354    i.GLCD_SetForegroundColor  glcd_mcbstm32f200.o
    0x08002948   0x08002948   0x000000ac   Code   RO          355    i.GLCD_SetWindow    glcd_mcbstm32f200.o
    0x080029f4   0x080029f4   0x0000005e   Code   RO         1522    i.HAL_DMA_Abort     stm32f2xx_hal_dma.o
    0x08002a52   0x08002a52   0x00000002   PAD
    0x08002a54   0x08002a54   0x00000084   Code   RO         1527    i.HAL_DMA_Init      stm32f2xx_hal_dma.o
    0x08002ad8   0x08002ad8   0x0000006a   Code   RO         1530    i.HAL_DMA_Start_IT  stm32f2xx_hal_dma.o
    0x08002b42   0x08002b42   0x0000001a   Code   RO          854    i.HAL_Delay         stm32f2xx_hal.o
    0x08002b5c   0x08002b5c   0x00000174   Code   RO         1644    i.HAL_GPIO_DeInit   stm32f2xx_hal_gpio.o
    0x08002cd0   0x08002cd0   0x0000020c   Code   RO         1647    i.HAL_GPIO_Init     stm32f2xx_hal_gpio.o
    0x08002edc   0x08002edc   0x00000010   Code   RO         1649    i.HAL_GPIO_ReadPin  stm32f2xx_hal_gpio.o
    0x08002eec   0x08002eec   0x0000000c   Code   RO         1651    i.HAL_GPIO_WritePin  stm32f2xx_hal_gpio.o
    0x08002ef8   0x08002ef8   0x00000008   Code   RO            5    i.HAL_GetTick       main.o
    0x08002f00   0x08002f00   0x0000003c   Code   RO          862    i.HAL_Init          stm32f2xx_hal.o
    0x08002f3c   0x08002f3c   0x00000024   Code   RO          863    i.HAL_InitTick      stm32f2xx_hal.o
    0x08002f60   0x08002f60   0x00000002   Code   RO          865    i.HAL_MspInit       stm32f2xx_hal.o
    0x08002f62   0x08002f62   0x00000002   PAD
    0x08002f64   0x08002f64   0x00000024   Code   RO         1269    i.HAL_NVIC_ClearPendingIRQ  stm32f2xx_hal_cortex.o
    0x08002f88   0x08002f88   0x00000044   Code   RO         1270    i.HAL_NVIC_DisableIRQ  stm32f2xx_hal_cortex.o
    0x08002fcc   0x08002fcc   0x00000028   Code   RO         1271    i.HAL_NVIC_EnableIRQ  stm32f2xx_hal_cortex.o
    0x08002ff4   0x08002ff4   0x0000007c   Code   RO         1277    i.HAL_NVIC_SetPriority  stm32f2xx_hal_cortex.o
    0x08003070   0x08003070   0x00000028   Code   RO         1278    i.HAL_NVIC_SetPriorityGrouping  stm32f2xx_hal_cortex.o
    0x08003098   0x08003098   0x00000038   Code   RO         2058    i.HAL_RCC_GetHCLKFreq  stm32f2xx_hal_rcc.o
    0x080030d0   0x080030d0   0x0000002c   Code   RO         2060    i.HAL_RCC_GetPCLK1Freq  stm32f2xx_hal_rcc.o
    0x080030fc   0x080030fc   0x000000b4   Code   RO         2062    i.HAL_RCC_GetSysClockFreq  stm32f2xx_hal_rcc.o
    0x080031b0   0x080031b0   0x00000058   Code   RO         2191    i.HAL_SRAM_Init     stm32f2xx_hal_sram.o
    0x08003208   0x08003208   0x00000002   Code   RO         2193    i.HAL_SRAM_MspInit  stm32f2xx_hal_sram.o
    0x0800320a   0x0800320a   0x00000034   Code   RO         1282    i.HAL_SYSTICK_Config  stm32f2xx_hal_cortex.o
    0x0800323e   0x0800323e   0x00000002   PAD
    0x08003240   0x08003240   0x00000018   Code   RO          667    i.I2C1_Control      i2c_stm32f2xx.o
    0x08003258   0x08003258   0x00000010   Code   RO          668    i.I2C1_ER_IRQHandler  i2c_stm32f2xx.o
    0x08003268   0x08003268   0x00000010   Code   RO          669    i.I2C1_EV_IRQHandler  i2c_stm32f2xx.o
    0x08003278   0x08003278   0x00000010   Code   RO          670    i.I2C1_GetDataCount  i2c_stm32f2xx.o
    0x08003288   0x08003288   0x00000010   Code   RO          671    i.I2C1_GetStatus    i2c_stm32f2xx.o
    0x08003298   0x08003298   0x00000014   Code   RO          672    i.I2C1_Initialize   i2c_stm32f2xx.o
    0x080032ac   0x080032ac   0x00000020   Code   RO          673    i.I2C1_MasterReceive  i2c_stm32f2xx.o
    0x080032cc   0x080032cc   0x00000020   Code   RO          674    i.I2C1_MasterTransmit  i2c_stm32f2xx.o
    0x080032ec   0x080032ec   0x00000014   Code   RO          675    i.I2C1_PowerControl  i2c_stm32f2xx.o
    0x08003300   0x08003300   0x00000018   Code   RO          676    i.I2C1_SlaveReceive  i2c_stm32f2xx.o
    0x08003318   0x08003318   0x00000018   Code   RO          677    i.I2C1_SlaveTransmit  i2c_stm32f2xx.o
    0x08003330   0x08003330   0x00000010   Code   RO          678    i.I2C1_Uninitialize  i2c_stm32f2xx.o
    0x08003340   0x08003340   0x0000000c   Code   RO          679    i.I2CX_GetCapabilities  i2c_stm32f2xx.o
    0x0800334c   0x0800334c   0x00000010   Code   RO          680    i.I2CX_GetVersion   i2c_stm32f2xx.o
    0x0800335c   0x0800335c   0x00000320   Code   RO          681    i.I2C_Control       i2c_stm32f2xx.o
    0x0800367c   0x0800367c   0x0000013a   Code   RO          682    i.I2C_ER_IRQHandler  i2c_stm32f2xx.o
    0x080037b6   0x080037b6   0x00000592   Code   RO          683    i.I2C_EV_IRQHandler  i2c_stm32f2xx.o
    0x08003d48   0x08003d48   0x00000008   Code   RO          684    i.I2C_GetDataCount  i2c_stm32f2xx.o
    0x08003d50   0x08003d50   0x00000008   Code   RO          685    i.I2C_GetStatus     i2c_stm32f2xx.o
    0x08003d58   0x08003d58   0x000001bc   Code   RO          686    i.I2C_Initialize    i2c_stm32f2xx.o
    0x08003f14   0x08003f14   0x0000011a   Code   RO          687    i.I2C_MasterReceive  i2c_stm32f2xx.o
    0x0800402e   0x0800402e   0x00000100   Code   RO          688    i.I2C_MasterTransmit  i2c_stm32f2xx.o
    0x0800412e   0x0800412e   0x00000002   PAD
    0x08004130   0x08004130   0x0000029c   Code   RO          689    i.I2C_PowerControl  i2c_stm32f2xx.o
    0x080043cc   0x080043cc   0x00000090   Code   RO          690    i.I2C_SlaveReceive  i2c_stm32f2xx.o
    0x0800445c   0x0800445c   0x00000086   Code   RO          691    i.I2C_SlaveTransmit  i2c_stm32f2xx.o
    0x080044e2   0x080044e2   0x00000034   Code   RO          692    i.I2C_Uninitialize  i2c_stm32f2xx.o
    0x08004516   0x08004516   0x00000002   PAD
    0x08004518   0x08004518   0x00000028   Code   RO          175    i.Init_thdDisplayTime  displaytime.o
    0x08004540   0x08004540   0x000000c4   Code   RO          489    i.LED_Initialize    led_mcbstm32f200.o
    0x08004604   0x08004604   0x000000c0   Code   RO         2663    i.SystemCoreClockUpdate  system_stm32f2xx.o
    0x080046c4   0x080046c4   0x00000054   Code   RO         2664    i.SystemInit        system_stm32f2xx.o
    0x08004718   0x08004718   0x00000010   Code   RO         1284    i.__NVIC_GetPriorityGrouping  stm32f2xx_hal_cortex.o
    0x08004728   0x08004728   0x00000028   Code   RO         1285    i.__NVIC_SetPriority  stm32f2xx_hal_cortex.o
    0x08004750   0x08004750   0x00000016   Code   RO          545    i._mutex_acquire    rtx_lib.o
    0x08004766   0x08004766   0x0000000c   Code   RO          546    i._mutex_free       rtx_lib.o
    0x08004772   0x08004772   0x00000022   Code   RO          547    i._mutex_initialize  rtx_lib.o
    0x08004794   0x08004794   0x00000012   Code   RO          548    i._mutex_release    rtx_lib.o
    0x080047a6   0x080047a6   0x00000008   Code   RO          549    i._platform_post_stackheap_init  rtx_lib.o
    0x080047ae   0x080047ae   0x00000002   PAD
    0x080047b0   0x080047b0   0x00000038   Code   RO            6    i.app_hw_init       main.o
    0x080047e8   0x080047e8   0x0000013c   Code   RO            7    i.main              main.o
    0x08004924   0x08004924   0x00000020   Code   RO          636    i.osRtxErrorNotify  rtx_config.o
    0x08004944   0x08004944   0x00000004   Code   RO          637    i.osRtxIdleThread   rtx_config.o
    0x08004948   0x08004948   0x00000002   Code   RO          550    i.osRtxThreadStackCheck  rtx_lib.o
    0x0800494a   0x0800494a   0x00000002   PAD
    0x0800494c   0x0800494c   0x00000020   Code   RO          551    i.os_kernel_is_active  rtx_lib.o
    0x0800496c   0x0800496c   0x0000011c   Code   RO          176    i.thdDisplayTime    displaytime.o
    0x08004a88   0x08004a88   0x00000008   Code   RO          358    i.wr_cmd            glcd_mcbstm32f200.o
    0x08004a90   0x08004a90   0x00000008   Code   RO          359    i.wr_dat            glcd_mcbstm32f200.o
    0x08004a98   0x08004a98   0x00000008   Code   RO          360    i.wr_dat_only       glcd_mcbstm32f200.o
    0x08004aa0   0x08004aa0   0x00000014   Code   RO          361    i.wr_reg            glcd_mcbstm32f200.o
    0x08004ab4   0x08004ab4   0x000018a0   Data   RO          328    .constdata          glcd_fonts.o
    0x08006354   0x08006354   0x00000064   Data   RO          560    .constdata          rtx_lib.o
    0x080063b8   0x080063b8   0x00000068   Data   RO          694    .constdata          i2c_stm32f2xx.o
    0x08006420   0x08006420   0x00000008   Data   RO         1531    .constdata          stm32f2xx_hal_dma.o
    0x08006428   0x08006428   0x00000010   Data   RO         2066    .constdata          stm32f2xx_hal_rcc.o
    0x08006438   0x08006438   0x00000010   Data   RO         2665    .constdata          system_stm32f2xx.o
    0x08006448   0x08006448   0x00000001   Data   RO         2982    .constdata          RTX_CM3.lib(irq_cm3.o)
    0x08006449   0x08006449   0x00000003   PAD
    0x0800644c   0x0800644c   0x000000a0   Data   RO          565    .rodata             rtx_lib.o
    0x080064ec   0x080064ec   0x0000000b   Data   RO         2752    .rodata.str1.4      RTX_CM3.lib(rtx_kernel.o)
    0x080064f7   0x080064f7   0x00000001   PAD
    0x080064f8   0x080064f8   0x00000020   Data   RO         3361    Region$$Table       anon$$obj.o


    Execution Region ER_RW (Exec base: 0x20000000, Load base: 0x08006518, Size: 0x00001544, Max: 0xffffffff, ABSOLUTE, COMPRESSED[0x00000060])

    Exec Addr    Load Addr    Size         Type   Attr      Idx    E Section Name        Object

    0x20000000   COMPRESSED   0x00001040   Data   RW          552    .bss.os             rtx_lib.o
    0x20001040   COMPRESSED   0x00000034   Data   RW          554    .bss.os.msgqueue.cb  rtx_lib.o
    0x20001074   COMPRESSED   0x00000050   Data   RW          555    .bss.os.msgqueue.mem  rtx_lib.o
    0x200010c4   COMPRESSED   0x00000054   Data   RW          556    .bss.os.mutex.cb    rtx_lib.o
    0x20001118   COMPRESSED   0x00000010   Data   RW          557    .bss.os.semaphore.cb  rtx_lib.o
    0x20001128   COMPRESSED   0x00000154   Data   RW          558    .bss.os.thread.cb   rtx_lib.o
    0x2000127c   COMPRESSED   0x00000004   PAD
    0x20001280   COMPRESSED   0x00000190   Data   RW          559    .bss.os.thread.stack  rtx_lib.o
    0x20001410   COMPRESSED   0x0000002c   Data   RW            8    .data               main.o
    0x2000143c   COMPRESSED   0x00000004   Data   RW          177    .data               displaytime.o
    0x20001440   COMPRESSED   0x00000009   Data   RW          363    .data               glcd_mcbstm32f200.o
    0x20001449   COMPRESSED   0x00000003   PAD
    0x2000144c   COMPRESSED   0x00000005   Data   RW          561    .data               rtx_lib.o
    0x20001451   COMPRESSED   0x00000003   PAD
    0x20001454   COMPRESSED   0x00000004   Data   RW         2666    .data               system_stm32f2xx.o
    0x20001458   COMPRESSED   0x000000a4   Data   RW         2753    .data.os            RTX_CM3.lib(rtx_kernel.o)
    0x200014fc   COMPRESSED   0x00000018   Data   RW          562    .data.os.mutex.mpi  rtx_lib.o
    0x20001514   COMPRESSED   0x00000018   Data   RW          563    .data.os.semaphore.mpi  rtx_lib.o
    0x2000152c   COMPRESSED   0x00000018   Data   RW          564    .data.os.thread.mpi  rtx_lib.o


    Execution Region ER_ZI (Exec base: 0x20001544, Load base: 0x08006578, Size: 0x000006c4, Max: 0xffffffff, ABSOLUTE)

    Exec Addr    Load Addr    Size         Type   Attr      Idx    E Section Name        Object

    0x20001544        -       0x00000044   Zero   RW          362    .bss                glcd_mcbstm32f200.o
    0x20001588        -       0x0000001c   Zero   RW          693    .bss                i2c_stm32f2xx.o
    0x200015a4        -       0x00000060   Zero   RW         3235    .bss                c_w.l(libspace.o)
    0x20001604        -       0x00000001   Zero   RW         3130    .bss.PendST         RTX_CM3.lib(os_systick.o)
    0x20001605   0x08006578   0x00000003   PAD
    0x20001608        -       0x00000200   Zero   RW         2654    HEAP                startup_stm32f207xx.o
    0x20001808        -       0x00000400   Zero   RW         2653    STACK               startup_stm32f207xx.o


==============================================================================

Image component sizes


      Code (inc. data)   RO Data    RW Data    ZI Data      Debug   Object Name

       176         16          0          0          0       1721   buttons_mcbstm32f200.o
       324         34          0          4          0       5380   displaytime.o
         0          0       6304          0          0        848   glcd_fonts.o
      2376         84          0          9         68      10176   glcd_mcbstm32f200.o
      5208        170        104          0         28      26576   i2c_stm32f2xx.o
       196         18          0          0          0       1557   led_mcbstm32f200.o
       448         72          0         44          0     338562   main.o
        36          6          0          0          0        989   rtx_config.o
       128          4        260       5209          0      13334   rtx_lib.o
        64         26        388          0       1536        828   startup_stm32f207xx.o
       124          6          0          0          0       3672   stm32f2xx_hal.o
       416         34          0          0          0      33296   stm32f2xx_hal_cortex.o
       428         10          8          0          0       4486   stm32f2xx_hal_dma.o
       924         94          0          0          0       4229   stm32f2xx_hal_gpio.o
       280         34         16          0          0       3030   stm32f2xx_hal_rcc.o
        90          0          0          0          0       1963   stm32f2xx_hal_sram.o
       228         10          0          0          0       2943   stm32f2xx_ll_fsmc.o
       276         38         16          4          0       1969   system_stm32f2xx.o

    ----------------------------------------------------------------------
     11736        656       7128       5280       1632     455559   Object Totals
         0          0         32          0          0          0   (incl. Generated)
        14          0          0         10          0          0   (incl. Padding)

    ----------------------------------------------------------------------

      Code (inc. data)   RO Data    RW Data    ZI Data      Debug   Library Member Name

       148         10          1          0          0        484   irq_cm3.o
       126         32          0          0          1       3108   os_systick.o
        56          4          0          0          0       2838   rtx_delay.o
       722         72         11        164          0      17132   rtx_kernel.o
       264          0          0          0          0       2403   rtx_memory.o
       202          0          0          0          0      16408   rtx_mempool.o
      1368         28          0          0          0      18781   rtx_msgqueue.o
       850         32          0          0          0       9465   rtx_mutex.o
       218         12          0          0          0      10965   rtx_semaphore.o
       372         26          0          0          0       5417   rtx_system.o
      1704         88          0          0          0      32225   rtx_thread.o
       228         20          0          0          0      10252   rtx_timer.o
        90          0          0          0          0          0   __dczerorl2.o
         8          0          0          0          0         68   __main.o
         0          0          0          0          0          0   __rtentry.o
        20          0          0          0          0          0   __rtentry2.o
         6          0          0          0          0          0   __rtentry4.o
        52          8          0          0          0          0   __scatter.o
        28          0          0          0          0          0   __scatter_zi.o
        18          0          0          0          0         80   exit.o
         6          0          0          0          0        152   heapauxi.o
         0          0          0          0          0          0   indicate_semi.o
         2          0          0          0          0          0   libinit.o
         2          0          0          0          0          0   libinit2.o
         2          0          0          0          0          0   libshutdown.o
         2          0          0          0          0          0   libshutdown2.o
         8          4          0          0         96         68   libspace.o
        68          0          0          0          0         68   rt_memclr.o
        78          0          0          0          0         80   rt_memclr_w.o
       138          0          0          0          0         68   rt_memcpy_v6.o
       100          0          0          0          0         80   rt_memcpy_w.o
         2          0          0          0          0          0   rtexit.o
        10          0          0          0          0          0   rtexit2.o
        12          4          0          0          0         68   sys_exit.o
        74          0          0          0          0         80   sys_stackheap_outer.o
         2          0          0          0          0         68   use_no_semi.o

    ----------------------------------------------------------------------
      7000        340         16        164        100     130358   Library Totals
        14          0          4          0          3          0   (incl. Padding)

    ----------------------------------------------------------------------

      Code (inc. data)   RO Data    RW Data    ZI Data      Debug   Library Name

      6258        324         12        164          1     129478   RTX_CM3.lib
       728         16          0          0         96        880   c_w.l

    ----------------------------------------------------------------------
      7000        340         16        164        100     130358   Library Totals

    ----------------------------------------------------------------------

==============================================================================


      Code (inc. data)   RO Data    RW Data    ZI Data      Debug   

     18736        996       7144       5444       1732     581073   Grand Totals
     18736        996       7144         96       1732     581073   ELF Image Totals (compressed)
     18736        996       7144         96          0          0   ROM Totals

==============================================================================

    Total RO  Size (Code + RO Data)                25880 (  25.27kB)
    Total RW  Size (RW Data + ZI Data)              7176 (   7.01kB)
    Total ROM Size (Code + RO Data + RW Data)      25976 (  25.37kB)

==============================================================================

