


ARM Macro Assembler    Page 1 


    1 00000000         
    2 00000000                 AREA             MyData, DATA
    3 00000000         
    4 00000000                 AREA             MyCode, CODE, READONLY
    5 00000000                 EXPORT           __main
    6 00000000                 EXPORT           mySystemInit
    7 00000000                 IMPORT           addstack
    8 00000000         
    9 00000000         mySystemInit
   10 00000000 4770            BX               LR
   11 00000002         
   12 00000002         
   13 00000002         __main
   14 00000002                 ENTRY
   15 00000002         ;Move the address for storing into R0
   16 00000002 F241 0000       MOVW             R0, #0x1000
   17 00000006 F2C2 0000       MOVT             R0, #0x2000
   18 0000000A         
   19 0000000A         ;Move first item of the first array into R1
   20 0000000A F244 3121       MOVW             R1, #0x4321
   21 0000000E F2C8 7165       MOVT             R1, #0x8765
   22 00000012         ;Store R1 into the location held by R0
   23 00000012 F840 1B04       STR              R1, [R0], #4
   24 00000016         
   25 00000016         ;Move second item of the first array into R2
   26 00000016 F246 7289       MOVW             R2, #0x6789
   27 0000001A F2C2 3245       MOVT             R2, #0x2345
   28 0000001E         
   29 0000001E F840 2B04       STR              R2, [R0], #4
   30 00000022         
   31 00000022         ;Move third item of the first array into R3
   32 00000022 F647 039A       MOVW             R3, #0x789A
   33 00000026 F2C3 4356       MOVT             R3, #0x3456
   34 0000002A         
   35 0000002A F840 3B04       STR              R3, [R0], #4
   36 0000002E         
   37 0000002E         ;Move the address for storing into R0
   38 0000002E F241 0050       MOVW             R0, #0x1050
   39 00000032 F2C2 0000       MOVT             R0, #0x2000
   40 00000036         
   41 00000036         ;Move first item of the second array into R1
   42 00000036 F64C 41DD       MOVW             R1, #0xCCDD
   43 0000003A F6CA 21BB       MOVT             R1, #0xAABB
   44 0000003E         ;Store R1 into the location held by R0
   45 0000003E F840 1B04       STR              R1, [R0], #4
   46 00000042         
   47 00000042         ;Move second item of the second array into R2
   48 00000042 F64D 52EE       MOVW             R2, #0xDDEE
   49 00000046 F6C7 72CC       MOVT             R2, #0x7FCC
   50 0000004A         
   51 0000004A F840 2B04       STR              R2, [R0], #4
   52 0000004E         
   53 0000004E         ;Move third item of the second array into R3
   54 0000004E F64E 63FF       MOVW             R3, #0xEEFF
   55 00000052 F6CC 43DD       MOVT             R3, #0xCCDD
   56 00000056         
   57 00000056 F840 3B04       STR              R3, [R0], #4
   58 0000005A         
   59 0000005A F7FF FFFE       BL               addstack



ARM Macro Assembler    Page 2 


   60 0000005E         
   61 0000005E E7FE            B                .
   62 00000060                 END
Command Line: --debug --xref --diag_suppress=9931 --cpu=Cortex-M3 --apcs=interw
ork --depend=.\objects\lab2.d -o.\objects\lab2.o -I.\RTE\_Target_1 -IC:\Users\B
rent\AppData\Local\Arm\Packs\ARM\CMSIS\5.6.0\CMSIS\Core\Include -IC:\Users\Bren
t\AppData\Local\Arm\Packs\Keil\STM32F2xx_DFP\2.9.0\Drivers\CMSIS\Device\ST\STM3
2F2xx\Include --predefine="__EVAL SETA 1" --predefine="__MICROLIB SETA 1" --pre
define="__UVISION_VERSION SETA 528" --predefine="_RTE_ SETA 1" --predefine="STM
32F207xx SETA 1" --list=.\listings\lab2.lst lab2.s



ARM Macro Assembler    Page 1 Alphabetic symbol ordering
Relocatable symbols

MyData 00000000

Symbol: MyData
   Definitions
      At line 2 in file lab2.s
   Uses
      None
Comment: MyData unused
1 symbol



ARM Macro Assembler    Page 1 Alphabetic symbol ordering
Relocatable symbols

MyCode 00000000

Symbol: MyCode
   Definitions
      At line 4 in file lab2.s
   Uses
      None
Comment: MyCode unused
__main 00000002

Symbol: __main
   Definitions
      At line 13 in file lab2.s
   Uses
      At line 5 in file lab2.s
Comment: __main used once
mySystemInit 00000000

Symbol: mySystemInit
   Definitions
      At line 9 in file lab2.s
   Uses
      At line 6 in file lab2.s
Comment: mySystemInit used once
3 symbols



ARM Macro Assembler    Page 1 Alphabetic symbol ordering
External symbols

addstack 00000000

Symbol: addstack
   Definitions
      At line 7 in file lab2.s
   Uses
      At line 59 in file lab2.s
Comment: addstack used once
1 symbol
340 symbols in table
